Archive member included to satisfy reference by file (symbol)

/home/e-yanthra/pico/riggu_pico/libmicroros/libmicroros.a(libgeometry_msgs__rosidl_typesupport_c-vector3__type_support.cpp.obj)
                              CMakeFiles/first_attempt.dir/first_attempt.cpp.obj (rosidl_typesupport_c__get_message_type_support_handle__geometry_msgs__msg__Vector3)
/home/e-yanthra/pico/riggu_pico/libmicroros/libmicroros.a(libgeometry_msgs__rosidl_typesupport_introspection_c-vector3__type_support.c.obj)
                              /home/e-yanthra/pico/riggu_pico/libmicroros/libmicroros.a(libgeometry_msgs__rosidl_typesupport_c-vector3__type_support.cpp.obj) (rosidl_typesupport_introspection_c__get_message_type_support_handle__geometry_msgs__msg__Vector3)
/home/e-yanthra/pico/riggu_pico/libmicroros/libmicroros.a(libgeometry_msgs__rosidl_typesupport_microxrcedds_c-vector3__type_support_c.c.obj)
                              /home/e-yanthra/pico/riggu_pico/libmicroros/libmicroros.a(libgeometry_msgs__rosidl_typesupport_c-vector3__type_support.cpp.obj) (rosidl_typesupport_microxrcedds_c__get_message_type_support_handle__geometry_msgs__msg__Vector3)
/home/e-yanthra/pico/riggu_pico/libmicroros/libmicroros.a(libmicrocdr-basic.c.obj)
                              /home/e-yanthra/pico/riggu_pico/libmicroros/libmicroros.a(libgeometry_msgs__rosidl_typesupport_microxrcedds_c-vector3__type_support_c.c.obj) (ucdr_serialize_double)
/home/e-yanthra/pico/riggu_pico/libmicroros/libmicroros.a(libmicrocdr-common.c.obj)
                              /home/e-yanthra/pico/riggu_pico/libmicroros/libmicroros.a(libmicrocdr-basic.c.obj) (ucdr_check_buffer_available_for)
/home/e-yanthra/pico/riggu_pico/libmicroros/libmicroros.a(librcl-publisher.c.obj)
                              CMakeFiles/first_attempt.dir/first_attempt.cpp.obj (rcl_publish)
/home/e-yanthra/pico/riggu_pico/libmicroros/libmicroros.a(librclc-executor.c.obj)
                              CMakeFiles/first_attempt.dir/first_attempt.cpp.obj (rclc_executor_init)
/home/e-yanthra/pico/riggu_pico/libmicroros/libmicroros.a(librclc-executor_handle.c.obj)
                              /home/e-yanthra/pico/riggu_pico/libmicroros/libmicroros.a(librclc-executor.c.obj) (rclc_executor_handle_counters_zero_init)
/home/e-yanthra/pico/riggu_pico/libmicroros/libmicroros.a(librclc-init.c.obj)
                              CMakeFiles/first_attempt.dir/first_attempt.cpp.obj (rclc_support_init)
/home/e-yanthra/pico/riggu_pico/libmicroros/libmicroros.a(librclc-node.c.obj)
                              CMakeFiles/first_attempt.dir/first_attempt.cpp.obj (rclc_node_init_default)
/home/e-yanthra/pico/riggu_pico/libmicroros/libmicroros.a(librclc-publisher.c.obj)
                              CMakeFiles/first_attempt.dir/first_attempt.cpp.obj (rclc_publisher_init_default)
/home/e-yanthra/pico/riggu_pico/libmicroros/libmicroros.a(librclc-sleep.c.obj)
                              /home/e-yanthra/pico/riggu_pico/libmicroros/libmicroros.a(librclc-executor.c.obj) (rclc_sleep_ms)
/home/e-yanthra/pico/riggu_pico/libmicroros/libmicroros.a(librclc-subscription.c.obj)
                              CMakeFiles/first_attempt.dir/first_attempt.cpp.obj (rclc_subscription_init_default)
/home/e-yanthra/pico/riggu_pico/libmicroros/libmicroros.a(librclc-timer.c.obj)
                              CMakeFiles/first_attempt.dir/first_attempt.cpp.obj (rclc_timer_init_default)
/home/e-yanthra/pico/riggu_pico/libmicroros/libmicroros.a(librcutils-allocator.c.obj)
                              CMakeFiles/first_attempt.dir/first_attempt.cpp.obj (rcutils_get_default_allocator)
/home/e-yanthra/pico/riggu_pico/libmicroros/libmicroros.a(librcutils-error_handling.c.obj)
                              /home/e-yanthra/pico/riggu_pico/libmicroros/libmicroros.a(librclc-executor.c.obj) (rcutils_reset_error)
/home/e-yanthra/pico/riggu_pico/libmicroros/libmicroros.a(librcutils-time_unix.c.obj)
                              /home/e-yanthra/pico/riggu_pico/libmicroros/libmicroros.a(librclc-executor.c.obj) (rcutils_system_time_now)
/home/e-yanthra/pico/riggu_pico/libmicroros/libmicroros.a(librmw-publisher_options.c.obj)
                              /home/e-yanthra/pico/riggu_pico/libmicroros/libmicroros.a(librcl-publisher.c.obj) (rmw_get_default_publisher_options)
/home/e-yanthra/pico/riggu_pico/libmicroros/libmicroros.a(librmw_microxrcedds-custom_transport.c.obj)
                              CMakeFiles/first_attempt.dir/first_attempt.cpp.obj (rmw_uros_set_custom_transport)
/home/e-yanthra/pico/riggu_pico/libmicroros/libmicroros.a(librmw_microxrcedds-ping.c.obj)
                              CMakeFiles/first_attempt.dir/first_attempt.cpp.obj (rmw_uros_ping_agent)
/home/e-yanthra/pico/riggu_pico/libmicroros/libmicroros.a(librmw_microxrcedds-rmw_publish.c.obj)
                              /home/e-yanthra/pico/riggu_pico/libmicroros/libmicroros.a(librcl-publisher.c.obj) (rmw_publish)
[...]
Memory Configuration

Name             Origin             Length             Attributes
FLASH            0x0000000010000000 0x0000000000200000 xr
RAM              0x0000000020000000 0x0000000000040000 xrw
SCRATCH_X        0x0000000020040000 0x0000000000001000 xrw
SCRATCH_Y        0x0000000020041000 0x0000000000001000 xrw
*default*        0x0000000000000000 0xffffffffffffffff

Linker script and memory map

LOAD /usr/lib/gcc/arm-none-eabi/10.3.1/thumb/v6-m/nofp/crti.o
LOAD /usr/lib/gcc/arm-none-eabi/10.3.1/thumb/v6-m/nofp/crtbegin.o
LOAD /usr/lib/gcc/arm-none-eabi/10.3.1/../../../arm-none-eabi/lib/thumb/v6-m/nofp/crt0.o

.flash_begin    0x0000000010000000        0x0
                0x0000000010000000                __flash_binary_start = .

.boot2          0x0000000010000000      0x100
                0x0000000010000000                __boot2_start__ = .
 *(.boot2)
 .boot2         0x0000000010000000      0x100 /tmp/ccrruhJI.o
                0x0000000010000100                __boot2_end__ = .
                0x0000000000000001                ASSERT (((__boot2_end__ - __boot2_start__) == 0x100), ERROR: Pico second stage bootloader must be 256 bytes in size)

.text           0x0000000010000100    0x18c40
                0x0000000010000100                __logical_binary_start = .
 *(.vectors)
 .vectors       0x0000000010000100       0xd4 CMakeFiles/first_attempt.dir/home/e-yanthra/pico/pico-sdk/src/rp2_common/pico_standard_link/crt0.S.obj
                0x0000000010000100                __vectors
                0x0000000010000100                __VECTOR_TABLE
                0x00000000100001c0                isr_invalid
                0x00000000100001c0                __default_isrs_start
                0x00000000100001c2                isr_nmi
                0x00000000100001c4                isr_hardfault
                0x00000000100001c6                isr_svcall
                0x00000000100001c8                isr_pendsv
                0x00000000100001ca                isr_systick
                0x00000000100001cc                isr_irq30
                0x00000000100001cc                __unhandled_user_irq
                0x00000000100001cc                isr_irq13
                0x00000000100001cc                isr_irq27
                0x00000000100001cc                isr_irq31
                0x00000000100001cc                isr_irq5
                0x00000000100001cc                isr_irq11
                0x00000000100001cc                isr_irq23
                0x00000000100001cc                isr_irq18
                0x00000000100001cc                isr_irq28
                0x00000000100001cc                isr_irq19
                0x00000000100001cc                isr_irq0
                0x00000000100001cc                isr_irq6
                0x00000000100001cc                isr_irq22
                0x00000000100001cc                isr_irq17
                0x00000000100001cc                isr_irq14
                0x00000000100001cc                isr_irq2
                0x00000000100001cc                isr_irq10
                0x00000000100001cc                isr_irq8
                0x00000000100001cc                isr_irq24
                0x00000000100001cc                isr_irq1
                0x00000000100001cc                isr_irq7
                0x00000000100001cc                isr_irq21
                0x00000000100001cc                isr_irq20
                0x00000000100001cc                isr_irq15
                0x00000000100001cc                isr_irq25
                0x00000000100001cc                isr_irq4
                0x00000000100001cc                isr_irq16
                0x00000000100001cc                isr_irq29
                0x00000000100001cc                isr_irq26
                0x00000000100001cc                __default_isrs_end
                0x00000000100001cc                isr_irq3
                0x00000000100001cc                isr_irq12
                0x00000000100001cc                isr_irq9
                0x00000000100001d2                unhandled_user_irq_num_in_r0
 *(.binary_info_header)
 .binary_info_header
                0x00000000100001d4       0x14 CMakeFiles/first_attempt.dir/home/e-yanthra/pico/pico-sdk/src/rp2_common/pico_standard_link/crt0.S.obj
                0x00000000100001e8                __binary_info_header_end = .
 *(.reset)
 .reset         0x00000000100001e8       0xa0 CMakeFiles/first_attempt.dir/home/e-yanthra/pico/pico-sdk/src/rp2_common/pico_standard_link/crt0.S.obj
                0x00000000100001e8                _entry_point
 .reset         0x0000000010000288       0x30 CMakeFiles/first_attempt.dir/home/e-yanthra/pico/pico-sdk/src/rp2_common/pico_standard_link/binary_info.c.obj
 *(.init)
 .init          0x00000000100002b8        0x4 /usr/lib/gcc/arm-none-eabi/10.3.1/thumb/v6-m/nofp/crti.o
                0x00000000100002b8                _init
 *(EXCLUDE_FILE(*libm.a: *libc.a:*lib_a-mem*.o *libgcc.a:) .text*)
 .text          0x00000000100002bc       0x98 /usr/lib/gcc/arm-none-eabi/10.3.1/thumb/v6-m/nofp/crtbegin.o
 .text.to_ms_since_boot
                0x0000000010000354       0x1c CMakeFiles/first_attempt.dir/first_attempt.cpp.obj
 .text._Z12enc_callbackjm
                0x0000000010000370       0xf8 CMakeFiles/first_attempt.dir/first_attempt.cpp.obj
                0x0000000010000370                enc_callback(unsigned int, unsigned long)
 .text._Z14timer_callbackP11rcl_timer_sx
                0x0000000010000468        0x2 CMakeFiles/first_attempt.dir/first_attempt.cpp.obj
                0x0000000010000468                timer_callback(rcl_timer_s*, long long)
 *fill*         0x000000001000046a        0x2 
 .text._Z26left_subscription_callbackPKv
                0x000000001000046c       0x28 CMakeFiles/first_attempt.dir/first_attempt.cpp.obj
                0x000000001000046c                left_subscription_callback(void const*)
 .text._Z27right_subscription_callbackPKv
                0x0000000010000494       0x28 CMakeFiles/first_attempt.dir/first_attempt.cpp.obj
                0x0000000010000494                right_subscription_callback(void const*)
 .text._ZL13mpu6050_resetv
                0x00000000100004bc       0x24 CMakeFiles/first_attempt.dir/first_attempt.cpp.obj
 .text._ZL16mpu6050_read_rawPsS_S_
                0x00000000100004e0       0xc4 CMakeFiles/first_attempt.dir/first_attempt.cpp.obj
 .text._Z12pwm_init_pinh
                0x00000000100005a4       0x60 CMakeFiles/first_attempt.dir/first_attempt.cpp.obj
                0x00000000100005a4                pwm_init_pin(unsigned char)
 .text._Z14motor_pwr_leftv
                0x0000000010000604       0xac CMakeFiles/first_attempt.dir/first_attempt.cpp.obj
                0x0000000010000604                motor_pwr_left()
 .text._Z15motor_pwr_rightv
                0x00000000100006b0       0xac CMakeFiles/first_attempt.dir/first_attempt.cpp.obj
                0x00000000100006b0                motor_pwr_right()
 .text.main     0x000000001000075c      0x41c CMakeFiles/first_attempt.dir/first_attempt.cpp.obj
                0x000000001000075c                main
 .text.clock_gettime
                0x0000000010000b78       0x3c CMakeFiles/first_attempt.dir/pico_uart_transport.c.obj
                0x0000000010000b78                clock_gettime
 .text.pico_serial_transport_open
                0x0000000010000bb4       0x20 CMakeFiles/first_attempt.dir/pico_uart_transport.c.obj
                0x0000000010000bb4                pico_serial_transport_open
 .text.pico_serial_transport_close
                0x0000000010000bd4        0x4 CMakeFiles/first_attempt.dir/pico_uart_transport.c.obj
                0x0000000010000bd4                pico_serial_transport_close
 .text.pico_serial_transport_write
                0x0000000010000bd8       0x2e CMakeFiles/first_attempt.dir/pico_uart_transport.c.obj
                0x0000000010000bd8                pico_serial_transport_write
 .text.pico_serial_transport_read
                0x0000000010000c06       0x82 CMakeFiles/first_attempt.dir/pico_uart_transport.c.obj
                0x0000000010000c06                pico_serial_transport_read
 .text.gpio_set_function
                0x0000000010000c88       0x30 CMakeFiles/first_attempt.dir/home/e-yanthra/pico/pico-sdk/src/rp2_common/hardware_gpio/gpio.c.obj
                0x0000000010000c88                gpio_set_function
 .text.gpio_set_pulls
                0x0000000010000cb8       0x34 CMakeFiles/first_attempt.dir/home/e-yanthra/pico/pico-sdk/src/rp2_common/hardware_gpio/gpio.c.obj
                0x0000000010000cb8                gpio_set_pulls
 .text.gpio_set_irq_callback
                0x0000000010000cec       0x48 CMakeFiles/first_attempt.dir/home/e-yanthra/pico/pico-sdk/src/rp2_common/hardware_gpio/gpio.c.obj
                0x0000000010000cec                gpio_set_irq_callback
 .text.gpio_acknowledge_irq
                0x0000000010000d34       0x18 CMakeFiles/first_attempt.dir/home/e-yanthra/pico/pico-sdk/src/rp2_common/hardware_gpio/gpio.c.obj
                0x0000000010000d34                gpio_acknowledge_irq
 .text._gpio_set_irq_enabled
                0x0000000010000d4c       0x34 CMakeFiles/first_attempt.dir/home/e-yanthra/pico/pico-sdk/src/rp2_common/hardware_gpio/gpio.c.obj
 .text.gpio_set_irq_enabled
                0x0000000010000d80       0x20 CMakeFiles/first_attempt.dir/home/e-yanthra/pico/pico-sdk/src/rp2_common/hardware_gpio/gpio.c.obj
                0x0000000010000d80                gpio_set_irq_enabled
 .text.gpio_set_irq_enabled_with_callback
                0x0000000010000da0       0x20 CMakeFiles/first_attempt.dir/home/e-yanthra/pico/pico-sdk/src/rp2_common/hardware_gpio/gpio.c.obj
                0x0000000010000da0                gpio_set_irq_enabled_with_callback
 .text.gpio_default_irq_handler
                0x0000000010000dc0       0x98 CMakeFiles/first_attempt.dir/home/e-yanthra/pico/pico-sdk/src/rp2_common/hardware_gpio/gpio.c.obj
 .text.gpio_init
                0x0000000010000e58       0x16 CMakeFiles/first_attempt.dir/home/e-yanthra/pico/pico-sdk/src/rp2_common/hardware_gpio/gpio.c.obj
                0x0000000010000e58                gpio_init
 *fill*         0x0000000010000e6e        0x2 
 .text.running_on_fpga
                0x0000000010000e70       0x14 CMakeFiles/first_attempt.dir/home/e-yanthra/pico/pico-sdk/src/rp2_common/pico_platform/platform.c.obj
                0x0000000010000e70                running_on_fpga
 .text.hw_claim_lock
                0x0000000010000e84       0x18 CMakeFiles/first_attempt.dir/home/e-yanthra/pico/pico-sdk/src/rp2_common/hardware_claim/claim.c.obj
                0x0000000010000e84                hw_claim_lock
 .text.hw_claim_unlock
                0x0000000010000e9c       0x14 CMakeFiles/first_attempt.dir/home/e-yanthra/pico/pico-sdk/src/rp2_common/hardware_claim/claim.c.obj
                0x0000000010000e9c                hw_claim_unlock
 .text.hw_claim_or_assert
                0x0000000010000eb0       0x32 CMakeFiles/first_attempt.dir/home/e-yanthra/pico/pico-sdk/src/rp2_common/hardware_claim/claim.c.obj
                0x0000000010000eb0                hw_claim_or_assert
 .text.hw_claim_unused_from_range
                0x0000000010000ee2       0x50 CMakeFiles/first_attempt.dir/home/e-yanthra/pico/pico-sdk/src/rp2_common/hardware_claim/claim.c.obj
                0x0000000010000ee2                hw_claim_unused_from_range
 *fill*         0x0000000010000f32        0x2 
 .text.spin_locks_reset
                0x0000000010000f34       0x20 CMakeFiles/first_attempt.dir/home/e-yanthra/pico/pico-sdk/src/rp2_common/hardware_sync/sync.c.obj
                0x0000000010000f34                spin_locks_reset
 .text.next_striped_spin_lock_num
                0x0000000010000f54       0x1c CMakeFiles/first_attempt.dir/home/e-yanthra/pico/pico-sdk/src/rp2_common/hardware_sync/sync.c.obj
                0x0000000010000f54                next_striped_spin_lock_num
 .text.spin_lock_claim_unused
                0x0000000010000f70       0x20 CMakeFiles/first_attempt.dir/home/e-yanthra/pico/pico-sdk/src/rp2_common/hardware_sync/sync.c.obj
                0x0000000010000f70                spin_lock_claim_unused
 .text.set_raw_irq_handler_and_unlock
                0x0000000010000f90       0x28 CMakeFiles/first_attempt.dir/home/e-yanthra/pico/pico-sdk/src/rp2_common/hardware_irq/irq.c.obj
 .text.make_branch
                0x0000000010000fb8       0x48 CMakeFiles/first_attempt.dir/home/e-yanthra/pico/pico-sdk/src/rp2_common/hardware_irq/irq.c.obj
 .text.insert_branch_and_link
                0x0000000010001000       0x40 CMakeFiles/first_attempt.dir/home/e-yanthra/pico/pico-sdk/src/rp2_common/hardware_irq/irq.c.obj
 .text.irq_is_enabled
                0x0000000010001040       0x18 CMakeFiles/first_attempt.dir/home/e-yanthra/pico/pico-sdk/src/rp2_common/hardware_irq/irq.c.obj
                0x0000000010001040                irq_is_enabled
 .text.irq_set_mask_enabled
                0x0000000010001058       0x20 CMakeFiles/first_attempt.dir/home/e-yanthra/pico/pico-sdk/src/rp2_common/hardware_irq/irq.c.obj
                0x0000000010001058                irq_set_mask_enabled
 .text.irq_set_enabled
                0x0000000010001078        0xe CMakeFiles/first_attempt.dir/home/e-yanthra/pico/pico-sdk/src/rp2_common/hardware_irq/irq.c.obj
                0x0000000010001078                irq_set_enabled
 *fill*         0x0000000010001086        0x2 
 .text.irq_set_pending
                0x0000000010001088       0x10 CMakeFiles/first_attempt.dir/home/e-yanthra/pico/pico-sdk/src/rp2_common/hardware_irq/irq.c.obj
                0x0000000010001088                irq_set_pending
 .text.irq_get_vtable_handler
                0x0000000010001098       0x10 CMakeFiles/first_attempt.dir/home/e-yanthra/pico/pico-sdk/src/rp2_common/hardware_irq/irq.c.obj
                0x0000000010001098                irq_get_vtable_handler
 .text.irq_has_shared_handler
                0x00000000100010a8       0x24 CMakeFiles/first_attempt.dir/home/e-yanthra/pico/pico-sdk/src/rp2_common/hardware_irq/irq.c.obj
                0x00000000100010a8                irq_has_shared_handler
 .text.irq_set_exclusive_handler
                0x00000000100010cc       0x54 CMakeFiles/first_attempt.dir/home/e-yanthra/pico/pico-sdk/src/rp2_common/hardware_irq/irq.c.obj
                0x00000000100010cc                irq_set_exclusive_handler
 .text.irq_add_shared_handler
                0x0000000010001120      0x234 CMakeFiles/first_attempt.dir/home/e-yanthra/pico/pico-sdk/src/rp2_common/hardware_irq/irq.c.obj
                0x0000000010001120                irq_add_shared_handler
 .text.irq_remove_handler
                0x0000000010001354      0x1ac CMakeFiles/first_attempt.dir/home/e-yanthra/pico/pico-sdk/src/rp2_common/hardware_irq/irq.c.obj
                0x0000000010001354                irq_remove_handler
 .text.irq_add_tail_to_free_list
                0x0000000010001500       0xf0 CMakeFiles/first_attempt.dir/home/e-yanthra/pico/pico-sdk/src/rp2_common/hardware_irq/irq.c.obj
                0x0000000010001500                irq_add_tail_to_free_list
 .text.irq_init_priorities
                0x00000000100015f0       0x1c CMakeFiles/first_attempt.dir/home/e-yanthra/pico/pico-sdk/src/rp2_common/hardware_irq/irq.c.obj
                0x00000000100015f0                irq_init_priorities
 .text.user_irq_claim_unused
                0x000000001000160c       0x28 CMakeFiles/first_attempt.dir/home/e-yanthra/pico/pico-sdk/src/rp2_common/hardware_irq/irq.c.obj
                0x000000001000160c                user_irq_claim_unused
 .text.lock_init
                0x0000000010001634       0x10 CMakeFiles/first_attempt.dir/home/e-yanthra/pico/pico-sdk/src/common/pico_sync/lock_core.c.obj
                0x0000000010001634                lock_init
 .text.mutex_init
                0x0000000010001644       0x1a CMakeFiles/first_attempt.dir/home/e-yanthra/pico/pico-sdk/src/common/pico_sync/mutex.c.obj
                0x0000000010001644                mutex_init
 .text.recursive_mutex_init
                0x000000001000165e       0x1e CMakeFiles/first_attempt.dir/home/e-yanthra/pico/pico-sdk/src/common/pico_sync/mutex.c.obj
                0x000000001000165e                recursive_mutex_init
 .text.critical_section_init_with_lock_num
                0x000000001000167c       0x14 CMakeFiles/first_attempt.dir/home/e-yanthra/pico/pico-sdk/src/common/pico_sync/critical_section.c.obj
                0x000000001000167c                critical_section_init_with_lock_num
 .text.critical_section_init
                0x0000000010001690       0x14 CMakeFiles/first_attempt.dir/home/e-yanthra/pico/pico-sdk/src/common/pico_sync/critical_section.c.obj
                0x0000000010001690                critical_section_init
 .text.alarm_pool_post_alloc_init
                0x00000000100016a4       0x40 CMakeFiles/first_attempt.dir/home/e-yanthra/pico/pico-sdk/src/common/pico_time/time.c.obj
 .text.sleep_until_callback
                0x00000000100016e4       0x30 CMakeFiles/first_attempt.dir/home/e-yanthra/pico/pico-sdk/src/common/pico_time/time.c.obj
 .text.timer_pool_entry_comparator
                0x0000000010001714       0x7c CMakeFiles/first_attempt.dir/home/e-yanthra/pico/pico-sdk/src/common/pico_time/time.c.obj
                0x0000000010001714                timer_pool_entry_comparator
 .text.ph_add_child_node
                0x0000000010001790       0xa4 CMakeFiles/first_attempt.dir/home/e-yanthra/pico/pico-sdk/src/common/pico_time/time.c.obj
 .text.ph_merge_nodes
                0x0000000010001834       0x3e CMakeFiles/first_attempt.dir/home/e-yanthra/pico/pico-sdk/src/common/pico_time/time.c.obj
 *fill*         0x0000000010001872        0x2 
 .text.add_alarm_under_lock
                0x0000000010001874      0x174 CMakeFiles/first_attempt.dir/home/e-yanthra/pico/pico-sdk/src/common/pico_time/time.c.obj
 .text.alarm_pool_alarm_callback
                0x00000000100019e8      0x33c CMakeFiles/first_attempt.dir/home/e-yanthra/pico/pico-sdk/src/common/pico_time/time.c.obj
 .text.alarm_pool_init_default
                0x0000000010001d24       0x40 CMakeFiles/first_attempt.dir/home/e-yanthra/pico/pico-sdk/src/common/pico_time/time.c.obj
                0x0000000010001d24                alarm_pool_init_default
 .text.alarm_pool_get_default
                0x0000000010001d64       0x2c CMakeFiles/first_attempt.dir/home/e-yanthra/pico/pico-sdk/src/common/pico_time/time.c.obj
                0x0000000010001d64                alarm_pool_get_default
 .text.alarm_pool_add_alarm_at
                0x0000000010001d90      0x168 CMakeFiles/first_attempt.dir/home/e-yanthra/pico/pico-sdk/src/common/pico_time/time.c.obj
                0x0000000010001d90                alarm_pool_add_alarm_at
 .text.alarm_pool_cancel_alarm
                0x0000000010001ef8       0xf8 CMakeFiles/first_attempt.dir/home/e-yanthra/pico/pico-sdk/src/common/pico_time/time.c.obj
                0x0000000010001ef8                alarm_pool_cancel_alarm
 .text.alarm_pool_core_num
                0x0000000010001ff0        0x4 CMakeFiles/first_attempt.dir/home/e-yanthra/pico/pico-sdk/src/common/pico_time/time.c.obj
                0x0000000010001ff0                alarm_pool_core_num
 .text.best_effort_wfe_or_timeout
                0x0000000010001ff4       0xac CMakeFiles/first_attempt.dir/home/e-yanthra/pico/pico-sdk/src/common/pico_time/time.c.obj
                0x0000000010001ff4                best_effort_wfe_or_timeout
 .text.hardware_alarm_irq_handler
                0x00000000100020a0       0x90 CMakeFiles/first_attempt.dir/home/e-yanthra/pico/pico-sdk/src/rp2_common/hardware_timer/timer.c.obj
 .text.hardware_alarm_claim
                0x0000000010002130       0x18 CMakeFiles/first_attempt.dir/home/e-yanthra/pico/pico-sdk/src/rp2_common/hardware_timer/timer.c.obj
                0x0000000010002130                hardware_alarm_claim
 .text.time_us_64
                0x0000000010002148       0x18 CMakeFiles/first_attempt.dir/home/e-yanthra/pico/pico-sdk/src/rp2_common/hardware_timer/timer.c.obj
                0x0000000010002148                time_us_64
 .text.busy_wait_until
                0x0000000010002160       0x28 CMakeFiles/first_attempt.dir/home/e-yanthra/pico/pico-sdk/src/rp2_common/hardware_timer/timer.c.obj
                0x0000000010002160                busy_wait_until
 .text.busy_wait_us
                0x0000000010002188       0x48 CMakeFiles/first_attempt.dir/home/e-yanthra/pico/pico-sdk/src/rp2_common/hardware_timer/timer.c.obj
                0x0000000010002188                busy_wait_us
 .text.hardware_alarm_set_callback
                0x00000000100021d0       0x90 CMakeFiles/first_attempt.dir/home/e-yanthra/pico/pico-sdk/src/rp2_common/hardware_timer/timer.c.obj
                0x00000000100021d0                hardware_alarm_set_callback
 .text.hardware_alarm_set_target
                0x0000000010002260       0xe8 CMakeFiles/first_attempt.dir/home/e-yanthra/pico/pico-sdk/src/rp2_common/hardware_timer/timer.c.obj
                0x0000000010002260                hardware_alarm_set_target
 .text.hardware_alarm_cancel
                0x0000000010002348       0x40 CMakeFiles/first_attempt.dir/home/e-yanthra/pico/pico-sdk/src/rp2_common/hardware_timer/timer.c.obj
                0x0000000010002348                hardware_alarm_cancel
 .text.ph_add_child_node
                0x0000000010002388       0xa4 CMakeFiles/first_attempt.dir/home/e-yanthra/pico/pico-sdk/src/common/pico_util/pheap.c.obj
 .text.ph_merge_nodes
                0x000000001000242c       0x3e CMakeFiles/first_attempt.dir/home/e-yanthra/pico/pico-sdk/src/common/pico_util/pheap.c.obj
 *fill*         0x000000001000246a        0x2 
 .text.ph_clear
                0x000000001000246c       0x70 CMakeFiles/first_attempt.dir/home/e-yanthra/pico/pico-sdk/src/common/pico_util/pheap.c.obj
                0x000000001000246c                ph_clear
 .text.ph_post_alloc_init
                0x00000000100024dc        0xe CMakeFiles/first_attempt.dir/home/e-yanthra/pico/pico-sdk/src/common/pico_util/pheap.c.obj
                0x00000000100024dc                ph_post_alloc_init
 *fill*         0x00000000100024ea        0x2 
 .text.ph_merge_two_pass
                0x00000000100024ec       0xa8 CMakeFiles/first_attempt.dir/home/e-yanthra/pico/pico-sdk/src/common/pico_util/pheap.c.obj
                0x00000000100024ec                ph_merge_two_pass
 .text.ph_remove_any_head
                0x0000000010002594      0x128 CMakeFiles/first_attempt.dir/home/e-yanthra/pico/pico-sdk/src/common/pico_util/pheap.c.obj
 .text.ph_remove_head
                0x00000000100026bc       0x14 CMakeFiles/first_attempt.dir/home/e-yanthra/pico/pico-sdk/src/common/pico_util/pheap.c.obj
                0x00000000100026bc                ph_remove_head
 .text.ph_remove_and_free_node
                0x00000000100026d0       0xf8 CMakeFiles/first_attempt.dir/home/e-yanthra/pico/pico-sdk/src/common/pico_util/pheap.c.obj
                0x00000000100026d0                ph_remove_and_free_node
 .text.clock_configure
                0x00000000100027c8      0x108 CMakeFiles/first_attempt.dir/home/e-yanthra/pico/pico-sdk/src/rp2_common/hardware_clocks/clocks.c.obj
                0x00000000100027c8                clock_configure
 .text.clocks_init
                0x00000000100028d0      0x100 CMakeFiles/first_attempt.dir/home/e-yanthra/pico/pico-sdk/src/rp2_common/hardware_clocks/clocks.c.obj
                0x00000000100028d0                clocks_init
 .text.clock_get_hz
                0x00000000100029d0        0xc CMakeFiles/first_attempt.dir/home/e-yanthra/pico/pico-sdk/src/rp2_common/hardware_clocks/clocks.c.obj
                0x00000000100029d0                clock_get_hz
 .text.pll_init
                0x00000000100029dc      0x120 CMakeFiles/first_attempt.dir/home/e-yanthra/pico/pico-sdk/src/rp2_common/hardware_pll/pll.c.obj
                0x00000000100029dc                pll_init
 .text.watchdog_start_tick
                0x0000000010002afc       0x10 CMakeFiles/first_attempt.dir/home/e-yanthra/pico/pico-sdk/src/rp2_common/hardware_watchdog/watchdog.c.obj
                0x0000000010002afc                watchdog_start_tick
 .text.watchdog_update
                0x0000000010002b0c       0x14 CMakeFiles/first_attempt.dir/home/e-yanthra/pico/pico-sdk/src/rp2_common/hardware_watchdog/watchdog.c.obj
                0x0000000010002b0c                watchdog_update
 .text._watchdog_enable
                0x0000000010002b20       0x78 CMakeFiles/first_attempt.dir/home/e-yanthra/pico/pico-sdk/src/rp2_common/hardware_watchdog/watchdog.c.obj
                0x0000000010002b20                _watchdog_enable
 .text.watchdog_reboot
                0x0000000010002b98       0x48 CMakeFiles/first_attempt.dir/home/e-yanthra/pico/pico-sdk/src/rp2_common/hardware_watchdog/watchdog.c.obj
                0x0000000010002b98                watchdog_reboot
 .text.xosc_init
                0x0000000010002be0       0x28 CMakeFiles/first_attempt.dir/home/e-yanthra/pico/pico-sdk/src/rp2_common/hardware_xosc/xosc.c.obj
                0x0000000010002be0                xosc_init
 .text._exit    0x0000000010002c08        0x4 CMakeFiles/first_attempt.dir/home/e-yanthra/pico/pico-sdk/src/rp2_common/pico_runtime/runtime.c.obj
                0x0000000010002c08                _exit
 .text._sbrk    0x0000000010002c0c       0x38 CMakeFiles/first_attempt.dir/home/e-yanthra/pico/pico-sdk/src/rp2_common/pico_runtime/runtime.c.obj
                0x0000000010002c0c                _sbrk
 .text._getpid  0x0000000010002c44        0x4 CMakeFiles/first_attempt.dir/home/e-yanthra/pico/pico-sdk/src/rp2_common/pico_runtime/runtime.c.obj
                0x0000000010002c44                _getpid
 .text._kill    0x0000000010002c48        0x6 CMakeFiles/first_attempt.dir/home/e-yanthra/pico/pico-sdk/src/rp2_common/pico_runtime/runtime.c.obj
                0x0000000010002c48                _kill
 .text.exit     0x0000000010002c4e        0x6 CMakeFiles/first_attempt.dir/home/e-yanthra/pico/pico-sdk/src/rp2_common/pico_runtime/runtime.c.obj
                0x0000000010002c4e                exit
 .text.__assert_func
                0x0000000010002c54       0x3c CMakeFiles/first_attempt.dir/home/e-yanthra/pico/pico-sdk/src/rp2_common/pico_runtime/runtime.c.obj
                0x0000000010002c54                __assert_func
 .text.runtime_init
                0x0000000010002c90       0xf8 CMakeFiles/first_attempt.dir/home/e-yanthra/pico/pico-sdk/src/rp2_common/pico_runtime/runtime.c.obj
                0x0000000010002c90                runtime_init
 .text.panic    0x0000000010002d88       0x30 CMakeFiles/first_attempt.dir/home/e-yanthra/pico/pico-sdk/src/rp2_common/pico_runtime/runtime.c.obj
                0x0000000010002d88                panic
 .text._out_buffer
                0x0000000010002db8        0x8 CMakeFiles/first_attempt.dir/home/e-yanthra/pico/pico-sdk/src/rp2_common/pico_printf/printf.c.obj
 .text._out_null
                0x0000000010002dc0        0x2 CMakeFiles/first_attempt.dir/home/e-yanthra/pico/pico-sdk/src/rp2_common/pico_printf/printf.c.obj
 .text._out_fct
                0x0000000010002dc2        0xe CMakeFiles/first_attempt.dir/home/e-yanthra/pico/pico-sdk/src/rp2_common/pico_printf/printf.c.obj
 .text._atoi    0x0000000010002dd0       0x24 CMakeFiles/first_attempt.dir/home/e-yanthra/pico/pico-sdk/src/rp2_common/pico_printf/printf.c.obj
 .text._out_rev
                0x0000000010002df4       0xae CMakeFiles/first_attempt.dir/home/e-yanthra/pico/pico-sdk/src/rp2_common/pico_printf/printf.c.obj
 .text._ntoa_format
                0x0000000010002ea2      0x112 CMakeFiles/first_attempt.dir/home/e-yanthra/pico/pico-sdk/src/rp2_common/pico_printf/printf.c.obj
 .text._ntoa_long
                0x0000000010002fb4       0xbc CMakeFiles/first_attempt.dir/home/e-yanthra/pico/pico-sdk/src/rp2_common/pico_printf/printf.c.obj
 .text._ntoa_long_long
                0x0000000010003070       0xe2 CMakeFiles/first_attempt.dir/home/e-yanthra/pico/pico-sdk/src/rp2_common/pico_printf/printf.c.obj
 *fill*         0x0000000010003152        0x2 
 .text._etoa    0x0000000010003154      0x414 CMakeFiles/first_attempt.dir/home/e-yanthra/pico/pico-sdk/src/rp2_common/pico_printf/printf.c.obj
 .text._ftoa    0x0000000010003568      0x354 CMakeFiles/first_attempt.dir/home/e-yanthra/pico/pico-sdk/src/rp2_common/pico_printf/printf.c.obj
 .text._vsnprintf
                0x00000000100038bc      0x624 CMakeFiles/first_attempt.dir/home/e-yanthra/pico/pico-sdk/src/rp2_common/pico_printf/printf.c.obj
 .text.__wrap_snprintf
                0x0000000010003ee0       0x28 CMakeFiles/first_attempt.dir/home/e-yanthra/pico/pico-sdk/src/rp2_common/pico_printf/printf.c.obj
                0x0000000010003ee0                __wrap_snprintf
 .text.__wrap_vsnprintf
                0x0000000010003f08       0x1c CMakeFiles/first_attempt.dir/home/e-yanthra/pico/pico-sdk/src/rp2_common/pico_printf/printf.c.obj
                0x0000000010003f08                __wrap_vsnprintf
 .text.vfctprintf
                0x0000000010003f24       0x20 CMakeFiles/first_attempt.dir/home/e-yanthra/pico/pico-sdk/src/rp2_common/pico_printf/printf.c.obj
                0x0000000010003f24                vfctprintf
 .text          0x0000000010003f44       0x10 CMakeFiles/first_attempt.dir/home/e-yanthra/pico/pico-sdk/src/rp2_common/pico_bit_ops/bit_ops_aeabi.S.obj
 .text.rom_func_lookup
                0x0000000010003f54       0x10 CMakeFiles/first_attempt.dir/home/e-yanthra/pico/pico-sdk/src/rp2_common/pico_bootrom/bootrom.c.obj
                0x0000000010003f54                rom_func_lookup
 .text.rom_data_lookup
                0x0000000010003f64       0x10 CMakeFiles/first_attempt.dir/home/e-yanthra/pico/pico-sdk/src/rp2_common/pico_bootrom/bootrom.c.obj
                0x0000000010003f64                rom_data_lookup
 .text.rom_funcs_lookup
                0x0000000010003f74       0x36 CMakeFiles/first_attempt.dir/home/e-yanthra/pico/pico-sdk/src/rp2_common/pico_bootrom/bootrom.c.obj
                0x0000000010003f74                rom_funcs_lookup
 *fill*         0x0000000010003faa        0x2 
 .text.__wrap___aeabi_idiv
                0x0000000010003fac       0x50 CMakeFiles/first_attempt.dir/home/e-yanthra/pico/pico-sdk/src/rp2_common/pico_divider/divider.S.obj
                0x0000000010003fac                __wrap___aeabi_idivmod
                0x0000000010003fac                divmod_s32s32
                0x0000000010003fac                div_s32s32
                0x0000000010003fac                __wrap___aeabi_idiv
                0x0000000010003fb4                divmod_s32s32_unsafe
                0x0000000010003fe0                divmod_s32s32_savestate
 .text.__wrap___aeabi_uidiv
                0x0000000010003ffc       0x4c CMakeFiles/first_attempt.dir/home/e-yanthra/pico/pico-sdk/src/rp2_common/pico_divider/divider.S.obj
                0x0000000010003ffc                __wrap___aeabi_uidiv
                0x0000000010003ffc                __wrap___aeabi_uidivmod
                0x0000000010003ffc                div_u32u32
                0x0000000010003ffc                divmod_u32u32
                0x0000000010004004                divmod_u32u32_unsafe
                0x000000001000402c                divmod_u32u32_savestate
 .text.__wrap___aeabi_ldiv
                0x0000000010004048      0x424 CMakeFiles/first_attempt.dir/home/e-yanthra/pico/pico-sdk/src/rp2_common/pico_divider/divider.S.obj
                0x0000000010004048                div_s64s64
                0x0000000010004048                divmod_s64s64
                0x0000000010004048                __wrap___aeabi_ldivmod
                0x0000000010004078                div_u64u64
                0x0000000010004078                divmod_u64u64
                0x0000000010004078                __wrap___aeabi_uldivmod
                0x0000000010004088                divmod_u64u64_savestate
                0x00000000100040a8                divmod_s64s64_unsafe
                0x0000000010004130                divmod_u64u64_unsafe
 .text.__wrap___aeabi_darithmetic
                0x000000001000446c       0x60 CMakeFiles/first_attempt.dir/home/e-yanthra/pico/pico-sdk/src/rp2_common/pico_double/double_aeabi.S.obj
                0x000000001000446c                __wrap___aeabi_drsub
                0x0000000010004472                __wrap___aeabi_dsub
                0x000000001000447c                __wrap___aeabi_dadd
                0x0000000010004486                __wrap___aeabi_ddiv
                0x00000000100044ba                __wrap___aeabi_dmul
 .text.__wrap___aeabi_cdcmple
                0x00000000100044cc       0x6c CMakeFiles/first_attempt.dir/home/e-yanthra/pico/pico-sdk/src/rp2_common/pico_double/double_aeabi.S.obj
                0x00000000100044cc                __wrap___aeabi_cdrcmple
                0x00000000100044dc                __wrap___aeabi_cdcmple
                0x00000000100044dc                __wrap___aeabi_cdcmpeq
 .text.__wrap___aeabi_dcmplt
                0x0000000010004538        0xc CMakeFiles/first_attempt.dir/home/e-yanthra/pico/pico-sdk/src/rp2_common/pico_double/double_aeabi.S.obj
                0x0000000010004538                __wrap___aeabi_dcmplt
 .text.__wrap___aeabi_dcmple
                0x0000000010004544       0x10 CMakeFiles/first_attempt.dir/home/e-yanthra/pico/pico-sdk/src/rp2_common/pico_double/double_aeabi.S.obj
                0x0000000010004544                __wrap___aeabi_dcmple
 .text.__wrap___aeabi_dcmpge
                0x0000000010004554       0x10 CMakeFiles/first_attempt.dir/home/e-yanthra/pico/pico-sdk/src/rp2_common/pico_double/double_aeabi.S.obj
                0x0000000010004554                __wrap___aeabi_dcmpge
 .text.__wrap___aeabi_dcmpgt
                0x0000000010004564        0xa CMakeFiles/first_attempt.dir/home/e-yanthra/pico/pico-sdk/src/rp2_common/pico_double/double_aeabi.S.obj
                0x0000000010004564                __wrap___aeabi_dcmpgt
 .text.__wrap___aeabi_dcmpun
                0x000000001000456e       0x1c CMakeFiles/first_attempt.dir/home/e-yanthra/pico/pico-sdk/src/rp2_common/pico_double/double_aeabi.S.obj
                0x000000001000456e                __wrap___aeabi_dcmpun
 *fill*         0x000000001000458a        0x2 
 .text.__wrap___aeabi_i2d
                0x000000001000458c       0x38 CMakeFiles/first_attempt.dir/home/e-yanthra/pico/pico-sdk/src/rp2_common/pico_double/double_aeabi.S.obj
                0x000000001000458c                __wrap___aeabi_ui2d
                0x0000000010004594                __wrap___aeabi_i2d
 .text.__wrap___aeabi_d2iz
                0x00000000100045c4       0x48 CMakeFiles/first_attempt.dir/home/e-yanthra/pico/pico-sdk/src/rp2_common/pico_double/double_aeabi.S.obj
                0x00000000100045c4                __wrap___aeabi_d2iz
                0x00000000100045c4                double2int_z
 .text.__wrap___aeabi_d2uiz
                0x000000001000460c       0x10 CMakeFiles/first_attempt.dir/home/e-yanthra/pico/pico-sdk/src/rp2_common/pico_double/double_aeabi.S.obj
                0x000000001000460c                double2uint
                0x000000001000460c                __wrap___aeabi_d2uiz
 .text.missing_double_func_shim
                0x000000001000461c        0xc CMakeFiles/first_attempt.dir/home/e-yanthra/pico/pico-sdk/src/rp2_common/pico_double/double_init_rom.c.obj
 .text.__aeabi_double_init
                0x0000000010004628       0xcc CMakeFiles/first_attempt.dir/home/e-yanthra/pico/pico-sdk/src/rp2_common/pico_double/double_init_rom.c.obj
                0x0000000010004628                __aeabi_double_init
 .text.double_table_shim_on_use_helper
                0x00000000100046f4       0x34 CMakeFiles/first_attempt.dir/home/e-yanthra/pico/pico-sdk/src/rp2_common/pico_double/double_v1_rom_shim.S.obj
                0x00000000100046f4                double_table_shim_on_use_helper
 .text.__aeabi_lmul
                0x0000000010004728       0x32 CMakeFiles/first_attempt.dir/home/e-yanthra/pico/pico-sdk/src/rp2_common/pico_int64_ops/pico_int64_ops_aeabi.S.obj
                0x0000000010004728                __wrap___aeabi_lmul
 *fill*         0x000000001000475a        0x2 
 .text.__wrap___aeabi_farithmetic
                0x000000001000475c       0x48 CMakeFiles/first_attempt.dir/home/e-yanthra/pico/pico-sdk/src/rp2_common/pico_float/float_aeabi.S.obj
                0x000000001000475c                __wrap___aeabi_frsub
                0x0000000010004762                __wrap___aeabi_fsub
                0x0000000010004768                __wrap___aeabi_fadd
                0x000000001000476e                __wrap___aeabi_fdiv
                0x0000000010004796                __wrap___aeabi_fmul
 .text.__wrap___aeabi_cfcmple
                0x00000000100047a4       0x50 CMakeFiles/first_attempt.dir/home/e-yanthra/pico/pico-sdk/src/rp2_common/pico_float/float_aeabi.S.obj
                0x00000000100047a4                __wrap___aeabi_cfrcmple
                0x00000000100047b0                __wrap___aeabi_cfcmpeq
                0x00000000100047b0                __wrap___aeabi_cfcmple
 .text.__wrap___aeabi_fcmpgt
                0x00000000100047f4        0xa CMakeFiles/first_attempt.dir/home/e-yanthra/pico/pico-sdk/src/rp2_common/pico_float/float_aeabi.S.obj
                0x00000000100047f4                __wrap___aeabi_fcmpgt
 .text.__wrap___aeabi_ui2f
                0x00000000100047fe        0xa CMakeFiles/first_attempt.dir/home/e-yanthra/pico/pico-sdk/src/rp2_common/pico_float/float_aeabi.S.obj
                0x00000000100047fe                __wrap___aeabi_ui2f
 .text.__wrap___aeabi_i2f
                0x0000000010004808       0x44 CMakeFiles/first_attempt.dir/home/e-yanthra/pico/pico-sdk/src/rp2_common/pico_float/float_aeabi.S.obj
                0x0000000010004808                __wrap___aeabi_i2f
 .text.__wrap___aeabi_f2iz
                0x000000001000484c       0x4e CMakeFiles/first_attempt.dir/home/e-yanthra/pico/pico-sdk/src/rp2_common/pico_float/float_aeabi.S.obj
                0x000000001000484c                __wrap___aeabi_f2iz
                0x000000001000484c                float2int_z
 *fill*         0x000000001000489a        0x2 
 .text.float2int
                0x000000001000489c        0xc CMakeFiles/first_attempt.dir/home/e-yanthra/pico/pico-sdk/src/rp2_common/pico_float/float_aeabi.S.obj
                0x000000001000489c                float2int
 .text.__wrap___aeabi_f2uiz
                0x00000000100048a8        0xc CMakeFiles/first_attempt.dir/home/e-yanthra/pico/pico-sdk/src/rp2_common/pico_float/float_aeabi.S.obj
                0x00000000100048a8                __wrap___aeabi_f2uiz
 .text.__wrap___aeabi_f2d
                0x00000000100048b4        0xc CMakeFiles/first_attempt.dir/home/e-yanthra/pico/pico-sdk/src/rp2_common/pico_float/float_aeabi.S.obj
                0x00000000100048b4                __wrap___aeabi_f2d
 .text.missing_float_func_shim
                0x00000000100048c0        0xc CMakeFiles/first_attempt.dir/home/e-yanthra/pico/pico-sdk/src/rp2_common/pico_float/float_init_rom.c.obj
 .text.__aeabi_float_init
                0x00000000100048cc       0x88 CMakeFiles/first_attempt.dir/home/e-yanthra/pico/pico-sdk/src/rp2_common/pico_float/float_init_rom.c.obj
                0x00000000100048cc                __aeabi_float_init
 .text.__wrap_malloc
                0x0000000010004954       0x24 CMakeFiles/first_attempt.dir/home/e-yanthra/pico/pico-sdk/src/rp2_common/pico_malloc/pico_malloc.c.obj
                0x0000000010004954                __wrap_malloc
 .text.__wrap_calloc
                0x0000000010004978       0x24 CMakeFiles/first_attempt.dir/home/e-yanthra/pico/pico-sdk/src/rp2_common/pico_malloc/pico_malloc.c.obj
                0x0000000010004978                __wrap_calloc
 .text.__wrap_realloc
                0x000000001000499c       0x24 CMakeFiles/first_attempt.dir/home/e-yanthra/pico/pico-sdk/src/rp2_common/pico_malloc/pico_malloc.c.obj
                0x000000001000499c                __wrap_realloc
 .text.__wrap_free
                0x00000000100049c0        0x8 CMakeFiles/first_attempt.dir/home/e-yanthra/pico/pico-sdk/src/rp2_common/pico_malloc/pico_malloc.c.obj
                0x00000000100049c0                __wrap_free
 .text          0x00000000100049c8       0x10 CMakeFiles/first_attempt.dir/home/e-yanthra/pico/pico-sdk/src/rp2_common/pico_mem_ops/mem_ops_aeabi.S.obj
                0x00000000100049c8                __aeabi_mem_init
 .text.memset   0x00000000100049d8        0xc CMakeFiles/first_attempt.dir/home/e-yanthra/pico/pico-sdk/src/rp2_common/pico_mem_ops/mem_ops_aeabi.S.obj
                0x00000000100049d8                __wrap_memset
 .text.memcpy   0x00000000100049e4        0xc CMakeFiles/first_attempt.dir/home/e-yanthra/pico/pico-sdk/src/rp2_common/pico_mem_ops/mem_ops_aeabi.S.obj
                0x00000000100049e4                __wrap___aeabi_memcpy
                0x00000000100049e4                __wrap_memcpy
 .text.stdio_out_chars_no_crlf
                0x00000000100049f0        0xe CMakeFiles/first_attempt.dir/home/e-yanthra/pico/pico-sdk/src/rp2_common/pico_stdio/stdio.c.obj
 .text.stdio_out_chars_crlf
                0x00000000100049fe        0xe CMakeFiles/first_attempt.dir/home/e-yanthra/pico/pico-sdk/src/rp2_common/pico_stdio/stdio.c.obj
 .text.stdio_stack_buffer_flush
                0x0000000010004a0c       0x44 CMakeFiles/first_attempt.dir/home/e-yanthra/pico/pico-sdk/src/rp2_common/pico_stdio/stdio.c.obj
 .text.stdio_buffered_printer
                0x0000000010004a50       0x20 CMakeFiles/first_attempt.dir/home/e-yanthra/pico/pico-sdk/src/rp2_common/pico_stdio/stdio.c.obj
 .text.stdio_get_until
                0x0000000010004a70       0x80 CMakeFiles/first_attempt.dir/home/e-yanthra/pico/pico-sdk/src/rp2_common/pico_stdio/stdio.c.obj
 .text.stdout_serialize_begin
                0x0000000010004af0       0x5c CMakeFiles/first_attempt.dir/home/e-yanthra/pico/pico-sdk/src/rp2_common/pico_stdio/stdio.c.obj
                0x0000000010004af0                stdout_serialize_begin
 .text.stdout_serialize_end
                0x0000000010004b4c       0x10 CMakeFiles/first_attempt.dir/home/e-yanthra/pico/pico-sdk/src/rp2_common/pico_stdio/stdio.c.obj
                0x0000000010004b4c                stdout_serialize_end
 .text.stdio_put_string
                0x0000000010004b5c       0x98 CMakeFiles/first_attempt.dir/home/e-yanthra/pico/pico-sdk/src/rp2_common/pico_stdio/stdio.c.obj
 .text.__wrap_putchar
                0x0000000010004bf4       0x1c CMakeFiles/first_attempt.dir/home/e-yanthra/pico/pico-sdk/src/rp2_common/pico_stdio/stdio.c.obj
                0x0000000010004bf4                __wrap_putchar
 .text._read    0x0000000010004c10       0x24 CMakeFiles/first_attempt.dir/home/e-yanthra/pico/pico-sdk/src/rp2_common/pico_stdio/stdio.c.obj
                0x0000000010004c10                _read
 .text._write   0x0000000010004c34       0x22 CMakeFiles/first_attempt.dir/home/e-yanthra/pico/pico-sdk/src/rp2_common/pico_stdio/stdio.c.obj
                0x0000000010004c34                _write
 .text._close   0x0000000010004c56        0x6 CMakeFiles/first_attempt.dir/home/e-yanthra/pico/pico-sdk/src/rp2_common/pico_stdio/stdio.c.obj
                0x0000000010004c56                _close
 .text._lseek   0x0000000010004c5c        0x6 CMakeFiles/first_attempt.dir/home/e-yanthra/pico/pico-sdk/src/rp2_common/pico_stdio/stdio.c.obj
                0x0000000010004c5c                _lseek
 .text._fstat   0x0000000010004c62        0x6 CMakeFiles/first_attempt.dir/home/e-yanthra/pico/pico-sdk/src/rp2_common/pico_stdio/stdio.c.obj
                0x0000000010004c62                _fstat
 .text._isatty  0x0000000010004c68        0xc CMakeFiles/first_attempt.dir/home/e-yanthra/pico/pico-sdk/src/rp2_common/pico_stdio/stdio.c.obj
                0x0000000010004c68                _isatty
 .text.stdio_set_driver_enabled
                0x0000000010004c74       0x2c CMakeFiles/first_attempt.dir/home/e-yanthra/pico/pico-sdk/src/rp2_common/pico_stdio/stdio.c.obj
                0x0000000010004c74                stdio_set_driver_enabled
 .text.stdio_flush
                0x0000000010004ca0       0x20 CMakeFiles/first_attempt.dir/home/e-yanthra/pico/pico-sdk/src/rp2_common/pico_stdio/stdio.c.obj
                0x0000000010004ca0                stdio_flush
 .text.__wrap_puts
                0x0000000010004cc0       0x1e CMakeFiles/first_attempt.dir/home/e-yanthra/pico/pico-sdk/src/rp2_common/pico_stdio/stdio.c.obj
                0x0000000010004cc0                __wrap_puts
 *fill*         0x0000000010004cde        0x2 
 .text.__wrap_vprintf
                0x0000000010004ce0       0x40 CMakeFiles/first_attempt.dir/home/e-yanthra/pico/pico-sdk/src/rp2_common/pico_stdio/stdio.c.obj
                0x0000000010004ce0                __wrap_vprintf
 .text.__wrap_printf
                0x0000000010004d20       0x18 CMakeFiles/first_attempt.dir/home/e-yanthra/pico/pico-sdk/src/rp2_common/pico_stdio/stdio.c.obj
                0x0000000010004d20                __wrap_printf
 .text.stdio_init_all
                0x0000000010004d38        0x8 CMakeFiles/first_attempt.dir/home/e-yanthra/pico/pico-sdk/src/rp2_common/pico_stdio/stdio.c.obj
                0x0000000010004d38                stdio_init_all
 .text.getchar_timeout_us
                0x0000000010004d40       0x80 CMakeFiles/first_attempt.dir/home/e-yanthra/pico/pico-sdk/src/rp2_common/pico_stdio/stdio.c.obj
                0x0000000010004d40                getchar_timeout_us
 .text.resetd_init
                0x0000000010004dc0        0x2 CMakeFiles/first_attempt.dir/home/e-yanthra/pico/pico-sdk/src/rp2_common/pico_stdio_usb/reset_interface.c.obj
 *fill*         0x0000000010004dc2        0x2 
 .text.resetd_reset
                0x0000000010004dc4        0xc CMakeFiles/first_attempt.dir/home/e-yanthra/pico/pico-sdk/src/rp2_common/pico_stdio_usb/reset_interface.c.obj
 .text.resetd_open
                0x0000000010004dd0       0x34 CMakeFiles/first_attempt.dir/home/e-yanthra/pico/pico-sdk/src/rp2_common/pico_stdio_usb/reset_interface.c.obj
 .text.resetd_xfer_cb
                0x0000000010004e04        0x4 CMakeFiles/first_attempt.dir/home/e-yanthra/pico/pico-sdk/src/rp2_common/pico_stdio_usb/reset_interface.c.obj
 .text.reset_usb_boot
                0x0000000010004e08       0x18 CMakeFiles/first_attempt.dir/home/e-yanthra/pico/pico-sdk/src/rp2_common/pico_stdio_usb/reset_interface.c.obj
 .text.resetd_control_xfer_cb
                0x0000000010004e20       0x5c CMakeFiles/first_attempt.dir/home/e-yanthra/pico/pico-sdk/src/rp2_common/pico_stdio_usb/reset_interface.c.obj
 .text.usbd_app_driver_get_cb
                0x0000000010004e7c        0xc CMakeFiles/first_attempt.dir/home/e-yanthra/pico/pico-sdk/src/rp2_common/pico_stdio_usb/reset_interface.c.obj
                0x0000000010004e7c                usbd_app_driver_get_cb
 .text.tud_cdc_line_coding_cb
                0x0000000010004e88       0x28 CMakeFiles/first_attempt.dir/home/e-yanthra/pico/pico-sdk/src/rp2_common/pico_stdio_usb/reset_interface.c.obj
                0x0000000010004e88                tud_cdc_line_coding_cb
 .text.stdio_usb_set_chars_available_callback
                0x0000000010004eb0       0x14 CMakeFiles/first_attempt.dir/home/e-yanthra/pico/pico-sdk/src/rp2_common/pico_stdio_usb/stdio_usb.c.obj
                0x0000000010004eb0                stdio_usb_set_chars_available_callback
 .text.usb_irq  0x0000000010004ec4       0x10 CMakeFiles/first_attempt.dir/home/e-yanthra/pico/pico-sdk/src/rp2_common/pico_stdio_usb/stdio_usb.c.obj
 .text.timer_task
                0x0000000010004ed4       0x5c CMakeFiles/first_attempt.dir/home/e-yanthra/pico/pico-sdk/src/rp2_common/pico_stdio_usb/stdio_usb.c.obj
 .text.low_priority_worker_irq
                0x0000000010004f30       0xdc CMakeFiles/first_attempt.dir/home/e-yanthra/pico/pico-sdk/src/rp2_common/pico_stdio_usb/stdio_usb.c.obj
 .text.tud_cdc_rx_cb
                0x000000001000500c       0x20 CMakeFiles/first_attempt.dir/home/e-yanthra/pico/pico-sdk/src/rp2_common/pico_stdio_usb/stdio_usb.c.obj
                0x000000001000500c                tud_cdc_rx_cb
 .text.stdio_usb_init
                0x000000001000502c      0x11c CMakeFiles/first_attempt.dir/home/e-yanthra/pico/pico-sdk/src/rp2_common/pico_stdio_usb/stdio_usb.c.obj
                0x000000001000502c                stdio_usb_init
 .text.stdio_usb_connected
                0x0000000010005148        0xa CMakeFiles/first_attempt.dir/home/e-yanthra/pico/pico-sdk/src/rp2_common/pico_stdio_usb/stdio_usb.c.obj
                0x0000000010005148                stdio_usb_connected
 *fill*         0x0000000010005152        0x2 
 .text.stdio_usb_in_chars
                0x0000000010005154       0xc4 CMakeFiles/first_attempt.dir/home/e-yanthra/pico/pico-sdk/src/rp2_common/pico_stdio_usb/stdio_usb.c.obj
                0x0000000010005154                stdio_usb_in_chars
 .text.stdio_usb_out_chars
                0x0000000010005218      0x114 CMakeFiles/first_attempt.dir/home/e-yanthra/pico/pico-sdk/src/rp2_common/pico_stdio_usb/stdio_usb.c.obj
 .text.tud_descriptor_device_cb
                0x000000001000532c        0x8 CMakeFiles/first_attempt.dir/home/e-yanthra/pico/pico-sdk/src/rp2_common/pico_stdio_usb/stdio_usb_descriptors.c.obj
                0x000000001000532c                tud_descriptor_device_cb
 .text.tud_descriptor_configuration_cb
                0x0000000010005334        0x8 CMakeFiles/first_attempt.dir/home/e-yanthra/pico/pico-sdk/src/rp2_common/pico_stdio_usb/stdio_usb_descriptors.c.obj
                0x0000000010005334                tud_descriptor_configuration_cb
 .text.tud_descriptor_string_cb
                0x000000001000533c       0x6c CMakeFiles/first_attempt.dir/home/e-yanthra/pico/pico-sdk/src/rp2_common/pico_stdio_usb/stdio_usb_descriptors.c.obj
                0x000000001000533c                tud_descriptor_string_cb
 .text._retrieve_unique_id_on_boot
                0x00000000100053a8       0x10 CMakeFiles/first_attempt.dir/home/e-yanthra/pico/pico-sdk/src/rp2_common/pico_unique_id/unique_id.c.obj
 .text.pico_get_unique_board_id_string
                0x00000000100053b8       0x60 CMakeFiles/first_attempt.dir/home/e-yanthra/pico/pico-sdk/src/rp2_common/pico_unique_id/unique_id.c.obj
                0x00000000100053b8                pico_get_unique_board_id_string
 .text.flash_get_unique_id
                0x0000000010005418       0x46 CMakeFiles/first_attempt.dir/home/e-yanthra/pico/pico-sdk/src/rp2_common/hardware_flash/flash.c.obj
                0x0000000010005418                flash_get_unique_id
 *fill*         0x000000001000545e        0x2 
 .text.hw_endpoint_get_by_addr
                0x0000000010005460       0x18 CMakeFiles/first_attempt.dir/home/e-yanthra/pico/pico-sdk/lib/tinyusb/src/portable/raspberrypi/rp2040/dcd_rp2040.c.obj
 .text._hw_endpoint_alloc
                0x0000000010005478       0x70 CMakeFiles/first_attempt.dir/home/e-yanthra/pico/pico-sdk/lib/tinyusb/src/portable/raspberrypi/rp2040/dcd_rp2040.c.obj
 .text.hw_endpoint_init
                0x00000000100054e8       0x88 CMakeFiles/first_attempt.dir/home/e-yanthra/pico/pico-sdk/lib/tinyusb/src/portable/raspberrypi/rp2040/dcd_rp2040.c.obj
 .text.hw_endpoint_xfer
                0x0000000010005570       0x14 CMakeFiles/first_attempt.dir/home/e-yanthra/pico/pico-sdk/lib/tinyusb/src/portable/raspberrypi/rp2040/dcd_rp2040.c.obj
 .text.dcd_int_enable
                0x0000000010005584       0x2c CMakeFiles/first_attempt.dir/home/e-yanthra/pico/pico-sdk/lib/tinyusb/src/portable/raspberrypi/rp2040/dcd_rp2040.c.obj
                0x0000000010005584                dcd_int_enable
 .text.dcd_set_address
                0x00000000100055b0       0x2c CMakeFiles/first_attempt.dir/home/e-yanthra/pico/pico-sdk/lib/tinyusb/src/portable/raspberrypi/rp2040/dcd_rp2040.c.obj
                0x00000000100055b0                dcd_set_address
 .text.dcd_connect
                0x00000000100055dc       0x10 CMakeFiles/first_attempt.dir/home/e-yanthra/pico/pico-sdk/lib/tinyusb/src/portable/raspberrypi/rp2040/dcd_rp2040.c.obj
                0x00000000100055dc                dcd_connect
 .text.dcd_init
                0x00000000100055ec       0x80 CMakeFiles/first_attempt.dir/home/e-yanthra/pico/pico-sdk/lib/tinyusb/src/portable/raspberrypi/rp2040/dcd_rp2040.c.obj
                0x00000000100055ec                dcd_init
 .text.dcd_edpt0_status_complete
                0x000000001000566c       0x1c CMakeFiles/first_attempt.dir/home/e-yanthra/pico/pico-sdk/lib/tinyusb/src/portable/raspberrypi/rp2040/dcd_rp2040.c.obj
                0x000000001000566c                dcd_edpt0_status_complete
 .text.dcd_edpt_open
                0x0000000010005688       0x40 CMakeFiles/first_attempt.dir/home/e-yanthra/pico/pico-sdk/lib/tinyusb/src/portable/raspberrypi/rp2040/dcd_rp2040.c.obj
                0x0000000010005688                dcd_edpt_open
 .text.dcd_edpt_close_all
                0x00000000100056c8        0x8 CMakeFiles/first_attempt.dir/home/e-yanthra/pico/pico-sdk/lib/tinyusb/src/portable/raspberrypi/rp2040/dcd_rp2040.c.obj
                0x00000000100056c8                dcd_edpt_close_all
 .text.dcd_edpt_xfer
                0x00000000100056d0       0x34 CMakeFiles/first_attempt.dir/home/e-yanthra/pico/pico-sdk/lib/tinyusb/src/portable/raspberrypi/rp2040/dcd_rp2040.c.obj
                0x00000000100056d0                dcd_edpt_xfer
 .text.dcd_edpt_stall
                0x0000000010005704       0x2c CMakeFiles/first_attempt.dir/home/e-yanthra/pico/pico-sdk/lib/tinyusb/src/portable/raspberrypi/rp2040/dcd_rp2040.c.obj
                0x0000000010005704                dcd_edpt_stall
 .text.dcd_edpt_clear_stall
                0x0000000010005730       0x20 CMakeFiles/first_attempt.dir/home/e-yanthra/pico/pico-sdk/lib/tinyusb/src/portable/raspberrypi/rp2040/dcd_rp2040.c.obj
                0x0000000010005730                dcd_edpt_clear_stall
 .text.rp2040_usb_init
                0x0000000010005750       0x4c CMakeFiles/first_attempt.dir/home/e-yanthra/pico/pico-sdk/lib/tinyusb/src/portable/raspberrypi/rp2040/rp2040_usb.c.obj
                0x0000000010005750                rp2040_usb_init
 .text.hw_endpoint_xfer_start
                0x000000001000579c       0x50 CMakeFiles/first_attempt.dir/home/e-yanthra/pico/pico-sdk/lib/tinyusb/src/portable/raspberrypi/rp2040/rp2040_usb.c.obj
                0x000000001000579c                hw_endpoint_xfer_start
 .text.configuration_reset
                0x00000000100057ec       0x84 CMakeFiles/first_attempt.dir/home/e-yanthra/pico/pico-sdk/lib/tinyusb/src/device/usbd.c.obj
 .text.usbd_reset
                0x0000000010005870        0xc CMakeFiles/first_attempt.dir/home/e-yanthra/pico/pico-sdk/lib/tinyusb/src/device/usbd.c.obj
 .text.invoke_class_control
                0x000000001000587c       0x1a CMakeFiles/first_attempt.dir/home/e-yanthra/pico/pico-sdk/lib/tinyusb/src/device/usbd.c.obj
 *fill*         0x0000000010005896        0x2 
 .text.process_set_config
                0x0000000010005898      0x178 CMakeFiles/first_attempt.dir/home/e-yanthra/pico/pico-sdk/lib/tinyusb/src/device/usbd.c.obj
 .text.process_get_descriptor
                0x0000000010005a10       0xdc CMakeFiles/first_attempt.dir/home/e-yanthra/pico/pico-sdk/lib/tinyusb/src/device/usbd.c.obj
 .text.tud_mounted
                0x0000000010005aec       0x10 CMakeFiles/first_attempt.dir/home/e-yanthra/pico/pico-sdk/lib/tinyusb/src/device/usbd.c.obj
                0x0000000010005aec                tud_mounted
 .text.tud_suspended
                0x0000000010005afc       0x10 CMakeFiles/first_attempt.dir/home/e-yanthra/pico/pico-sdk/lib/tinyusb/src/device/usbd.c.obj
                0x0000000010005afc                tud_suspended
 .text.tud_inited
                0x0000000010005b0c       0x14 CMakeFiles/first_attempt.dir/home/e-yanthra/pico/pico-sdk/lib/tinyusb/src/device/usbd.c.obj
                0x0000000010005b0c                tud_inited
 .text.tud_init
                0x0000000010005b20       0xcc CMakeFiles/first_attempt.dir/home/e-yanthra/pico/pico-sdk/lib/tinyusb/src/device/usbd.c.obj
                0x0000000010005b20                tud_init
 .text.usbd_defer_func
                0x0000000010005bec       0x2a CMakeFiles/first_attempt.dir/home/e-yanthra/pico/pico-sdk/lib/tinyusb/src/device/usbd.c.obj
                0x0000000010005bec                usbd_defer_func
 *fill*         0x0000000010005c16        0x2 
 .text.usbd_edpt_open
                0x0000000010005c18       0x34 CMakeFiles/first_attempt.dir/home/e-yanthra/pico/pico-sdk/lib/tinyusb/src/device/usbd.c.obj
                0x0000000010005c18                usbd_edpt_open
 .text.usbd_open_edpt_pair
                0x0000000010005c4c       0x62 CMakeFiles/first_attempt.dir/home/e-yanthra/pico/pico-sdk/lib/tinyusb/src/device/usbd.c.obj
                0x0000000010005c4c                usbd_open_edpt_pair
 *fill*         0x0000000010005cae        0x2 
 .text.usbd_edpt_claim
                0x0000000010005cb0       0x28 CMakeFiles/first_attempt.dir/home/e-yanthra/pico/pico-sdk/lib/tinyusb/src/device/usbd.c.obj
                0x0000000010005cb0                usbd_edpt_claim
 .text.usbd_edpt_release
                0x0000000010005cd8       0x28 CMakeFiles/first_attempt.dir/home/e-yanthra/pico/pico-sdk/lib/tinyusb/src/device/usbd.c.obj
                0x0000000010005cd8                usbd_edpt_release
 .text.usbd_edpt_xfer
                0x0000000010005d00       0x78 CMakeFiles/first_attempt.dir/home/e-yanthra/pico/pico-sdk/lib/tinyusb/src/device/usbd.c.obj
                0x0000000010005d00                usbd_edpt_xfer
 .text.usbd_edpt_stall
                0x0000000010005d78       0x48 CMakeFiles/first_attempt.dir/home/e-yanthra/pico/pico-sdk/lib/tinyusb/src/device/usbd.c.obj
                0x0000000010005d78                usbd_edpt_stall
 .text.usbd_edpt_clear_stall
                0x0000000010005dc0       0x48 CMakeFiles/first_attempt.dir/home/e-yanthra/pico/pico-sdk/lib/tinyusb/src/device/usbd.c.obj
                0x0000000010005dc0                usbd_edpt_clear_stall
 .text.usbd_edpt_stalled
                0x0000000010005e08       0x1c CMakeFiles/first_attempt.dir/home/e-yanthra/pico/pico-sdk/lib/tinyusb/src/device/usbd.c.obj
                0x0000000010005e08                usbd_edpt_stalled
 .text.process_control_request
                0x0000000010005e24      0x37c CMakeFiles/first_attempt.dir/home/e-yanthra/pico/pico-sdk/lib/tinyusb/src/device/usbd.c.obj
 .text.tud_task_ext
                0x00000000100061a0      0x1b8 CMakeFiles/first_attempt.dir/home/e-yanthra/pico/pico-sdk/lib/tinyusb/src/device/usbd.c.obj
                0x00000000100061a0                tud_task_ext
 .text._data_stage_xact
                0x0000000010006358       0x58 CMakeFiles/first_attempt.dir/home/e-yanthra/pico/pico-sdk/lib/tinyusb/src/device/usbd_control.c.obj
 .text.tud_control_status
                0x00000000100063b0       0x38 CMakeFiles/first_attempt.dir/home/e-yanthra/pico/pico-sdk/lib/tinyusb/src/device/usbd_control.c.obj
                0x00000000100063b0                tud_control_status
 .text.tud_control_xfer
                0x00000000100063e8       0x74 CMakeFiles/first_attempt.dir/home/e-yanthra/pico/pico-sdk/lib/tinyusb/src/device/usbd_control.c.obj
                0x00000000100063e8                tud_control_xfer
 .text.usbd_control_reset
                0x000000001000645c       0x14 CMakeFiles/first_attempt.dir/home/e-yanthra/pico/pico-sdk/lib/tinyusb/src/device/usbd_control.c.obj
                0x000000001000645c                usbd_control_reset
 .text.usbd_control_set_complete_callback
                0x0000000010006470        0xc CMakeFiles/first_attempt.dir/home/e-yanthra/pico/pico-sdk/lib/tinyusb/src/device/usbd_control.c.obj
                0x0000000010006470                usbd_control_set_complete_callback
 .text.usbd_control_set_request
                0x000000001000647c       0x1c CMakeFiles/first_attempt.dir/home/e-yanthra/pico/pico-sdk/lib/tinyusb/src/device/usbd_control.c.obj
                0x000000001000647c                usbd_control_set_request
 .text.usbd_control_xfer_cb
                0x0000000010006498       0xcc CMakeFiles/first_attempt.dir/home/e-yanthra/pico/pico-sdk/lib/tinyusb/src/device/usbd_control.c.obj
                0x0000000010006498                usbd_control_xfer_cb
 .text._prep_out_transaction
                0x0000000010006564       0x4a CMakeFiles/first_attempt.dir/home/e-yanthra/pico/pico-sdk/lib/tinyusb/src/class/cdc/cdc_device.c.obj
 *fill*         0x00000000100065ae        0x2 
 .text.tud_cdc_n_connected
                0x00000000100065b0       0x44 CMakeFiles/first_attempt.dir/home/e-yanthra/pico/pico-sdk/lib/tinyusb/src/class/cdc/cdc_device.c.obj
                0x00000000100065b0                tud_cdc_n_connected
 .text.tud_cdc_n_available
                0x00000000100065f4       0x18 CMakeFiles/first_attempt.dir/home/e-yanthra/pico/pico-sdk/lib/tinyusb/src/class/cdc/cdc_device.c.obj
                0x00000000100065f4                tud_cdc_n_available
 .text.tud_cdc_n_read
                0x000000001000660c       0x28 CMakeFiles/first_attempt.dir/home/e-yanthra/pico/pico-sdk/lib/tinyusb/src/class/cdc/cdc_device.c.obj
                0x000000001000660c                tud_cdc_n_read
 .text.tud_cdc_n_write_flush
                0x0000000010006634       0xb8 CMakeFiles/first_attempt.dir/home/e-yanthra/pico/pico-sdk/lib/tinyusb/src/class/cdc/cdc_device.c.obj
                0x0000000010006634                tud_cdc_n_write_flush
 .text.tud_cdc_n_write
                0x00000000100066ec       0x38 CMakeFiles/first_attempt.dir/home/e-yanthra/pico/pico-sdk/lib/tinyusb/src/class/cdc/cdc_device.c.obj
                0x00000000100066ec                tud_cdc_n_write
 .text.tud_cdc_n_write_available
                0x0000000010006724       0x1c CMakeFiles/first_attempt.dir/home/e-yanthra/pico/pico-sdk/lib/tinyusb/src/class/cdc/cdc_device.c.obj
                0x0000000010006724                tud_cdc_n_write_available
 .text.cdcd_init
                0x0000000010006740       0xbc CMakeFiles/first_attempt.dir/home/e-yanthra/pico/pico-sdk/lib/tinyusb/src/class/cdc/cdc_device.c.obj
                0x0000000010006740                cdcd_init
 .text.cdcd_reset
                0x00000000100067fc       0x44 CMakeFiles/first_attempt.dir/home/e-yanthra/pico/pico-sdk/lib/tinyusb/src/class/cdc/cdc_device.c.obj
                0x00000000100067fc                cdcd_reset
 .text.cdcd_open
                0x0000000010006840       0xcc CMakeFiles/first_attempt.dir/home/e-yanthra/pico/pico-sdk/lib/tinyusb/src/class/cdc/cdc_device.c.obj
                0x0000000010006840                cdcd_open
 .text.cdcd_control_xfer_cb
                0x000000001000690c      0x134 CMakeFiles/first_attempt.dir/home/e-yanthra/pico/pico-sdk/lib/tinyusb/src/class/cdc/cdc_device.c.obj
                0x000000001000690c                cdcd_control_xfer_cb
 .text.cdcd_xfer_cb
                0x0000000010006a40      0x130 CMakeFiles/first_attempt.dir/home/e-yanthra/pico/pico-sdk/lib/tinyusb/src/class/cdc/cdc_device.c.obj
                0x0000000010006a40                cdcd_xfer_cb
 .text.tusb_init
                0x0000000010006b70        0xa CMakeFiles/first_attempt.dir/home/e-yanthra/pico/pico-sdk/lib/tinyusb/src/tusb.c.obj
                0x0000000010006b70                tusb_init
 .text.tusb_inited
                0x0000000010006b7a        0xe CMakeFiles/first_attempt.dir/home/e-yanthra/pico/pico-sdk/lib/tinyusb/src/tusb.c.obj
                0x0000000010006b7a                tusb_inited
 .text.tu_edpt_claim
                0x0000000010006b88       0x50 CMakeFiles/first_attempt.dir/home/e-yanthra/pico/pico-sdk/lib/tinyusb/src/tusb.c.obj
                0x0000000010006b88                tu_edpt_claim
 .text.tu_edpt_release
                0x0000000010006bd8       0x3c CMakeFiles/first_attempt.dir/home/e-yanthra/pico/pico-sdk/lib/tinyusb/src/tusb.c.obj
                0x0000000010006bd8                tu_edpt_release
 .text.tu_edpt_validate
                0x0000000010006c14       0x78 CMakeFiles/first_attempt.dir/home/e-yanthra/pico/pico-sdk/lib/tinyusb/src/tusb.c.obj
                0x0000000010006c14                tu_edpt_validate
 .text.tu_edpt_bind_driver
                0x0000000010006c8c       0x26 CMakeFiles/first_attempt.dir/home/e-yanthra/pico/pico-sdk/lib/tinyusb/src/tusb.c.obj
                0x0000000010006c8c                tu_edpt_bind_driver
 .text.advance_index
                0x0000000010006cb2       0x1a CMakeFiles/first_attempt.dir/home/e-yanthra/pico/pico-sdk/lib/tinyusb/src/common/tusb_fifo.c.obj
 .text._tu_fifo_peek
                0x0000000010006ccc       0x56 CMakeFiles/first_attempt.dir/home/e-yanthra/pico/pico-sdk/lib/tinyusb/src/common/tusb_fifo.c.obj
 .text._ff_pull_const_addr
                0x0000000010006d22       0x4c CMakeFiles/first_attempt.dir/home/e-yanthra/pico/pico-sdk/lib/tinyusb/src/common/tusb_fifo.c.obj
 .text._ff_pull_n
                0x0000000010006d6e      0x110 CMakeFiles/first_attempt.dir/home/e-yanthra/pico/pico-sdk/lib/tinyusb/src/common/tusb_fifo.c.obj
 .text._tu_fifo_peek_n
                0x0000000010006e7e       0x6a CMakeFiles/first_attempt.dir/home/e-yanthra/pico/pico-sdk/lib/tinyusb/src/common/tusb_fifo.c.obj
 .text._tu_fifo_read_n
                0x0000000010006ee8       0x4e CMakeFiles/first_attempt.dir/home/e-yanthra/pico/pico-sdk/lib/tinyusb/src/common/tusb_fifo.c.obj
 .text._ff_push_const_addr
                0x0000000010006f36       0x40 CMakeFiles/first_attempt.dir/home/e-yanthra/pico/pico-sdk/lib/tinyusb/src/common/tusb_fifo.c.obj
 .text._ff_push_n
                0x0000000010006f76      0x10c CMakeFiles/first_attempt.dir/home/e-yanthra/pico/pico-sdk/lib/tinyusb/src/common/tusb_fifo.c.obj
 .text._tu_fifo_write_n
                0x0000000010007082       0xf0 CMakeFiles/first_attempt.dir/home/e-yanthra/pico/pico-sdk/lib/tinyusb/src/common/tusb_fifo.c.obj
 .text.tu_fifo_config
                0x0000000010007172       0x7c CMakeFiles/first_attempt.dir/home/e-yanthra/pico/pico-sdk/lib/tinyusb/src/common/tusb_fifo.c.obj
                0x0000000010007172                tu_fifo_config
 .text.tu_fifo_count
                0x00000000100071ee       0x2a CMakeFiles/first_attempt.dir/home/e-yanthra/pico/pico-sdk/lib/tinyusb/src/common/tusb_fifo.c.obj
                0x00000000100071ee                tu_fifo_count
 .text.tu_fifo_empty
                0x0000000010007218       0x10 CMakeFiles/first_attempt.dir/home/e-yanthra/pico/pico-sdk/lib/tinyusb/src/common/tusb_fifo.c.obj
                0x0000000010007218                tu_fifo_empty
 .text.tu_fifo_full
                0x0000000010007228       0x28 CMakeFiles/first_attempt.dir/home/e-yanthra/pico/pico-sdk/lib/tinyusb/src/common/tusb_fifo.c.obj
                0x0000000010007228                tu_fifo_full
 .text.tu_fifo_remaining
                0x0000000010007250       0x2c CMakeFiles/first_attempt.dir/home/e-yanthra/pico/pico-sdk/lib/tinyusb/src/common/tusb_fifo.c.obj
                0x0000000010007250                tu_fifo_remaining
 .text.tu_fifo_read
                0x000000001000727c       0x42 CMakeFiles/first_attempt.dir/home/e-yanthra/pico/pico-sdk/lib/tinyusb/src/common/tusb_fifo.c.obj
                0x000000001000727c                tu_fifo_read
 .text.tu_fifo_read_n
                0x00000000100072be        0xa CMakeFiles/first_attempt.dir/home/e-yanthra/pico/pico-sdk/lib/tinyusb/src/common/tusb_fifo.c.obj
                0x00000000100072be                tu_fifo_read_n
 .text.tu_fifo_write
                0x00000000100072c8       0x64 CMakeFiles/first_attempt.dir/home/e-yanthra/pico/pico-sdk/lib/tinyusb/src/common/tusb_fifo.c.obj
                0x00000000100072c8                tu_fifo_write
 .text.tu_fifo_write_n
                0x000000001000732c        0xa CMakeFiles/first_attempt.dir/home/e-yanthra/pico/pico-sdk/lib/tinyusb/src/common/tusb_fifo.c.obj
                0x000000001000732c                tu_fifo_write_n
 .text.tu_fifo_clear
                0x0000000010007336       0x3e CMakeFiles/first_attempt.dir/home/e-yanthra/pico/pico-sdk/lib/tinyusb/src/common/tusb_fifo.c.obj
                0x0000000010007336                tu_fifo_clear
 .text.tu_fifo_set_overwritable
                0x0000000010007374       0x46 CMakeFiles/first_attempt.dir/home/e-yanthra/pico/pico-sdk/lib/tinyusb/src/common/tusb_fifo.c.obj
                0x0000000010007374                tu_fifo_set_overwritable
 .text.i2c_write_blocking_internal
                0x00000000100073ba      0x140 CMakeFiles/first_attempt.dir/home/e-yanthra/pico/pico-sdk/src/rp2_common/hardware_i2c/i2c.c.obj
 .text.i2c_read_blocking_internal
                0x00000000100074fa       0xe6 CMakeFiles/first_attempt.dir/home/e-yanthra/pico/pico-sdk/src/rp2_common/hardware_i2c/i2c.c.obj
 .text.i2c_set_baudrate
                0x00000000100075e0       0xf0 CMakeFiles/first_attempt.dir/home/e-yanthra/pico/pico-sdk/src/rp2_common/hardware_i2c/i2c.c.obj
                0x00000000100075e0                i2c_set_baudrate
 .text.i2c_init
                0x00000000100076d0       0x58 CMakeFiles/first_attempt.dir/home/e-yanthra/pico/pico-sdk/src/rp2_common/hardware_i2c/i2c.c.obj
                0x00000000100076d0                i2c_init
 .text.i2c_write_blocking
                0x0000000010007728       0x18 CMakeFiles/first_attempt.dir/home/e-yanthra/pico/pico-sdk/src/rp2_common/hardware_i2c/i2c.c.obj
                0x0000000010007728                i2c_write_blocking
 .text.i2c_read_blocking
                0x0000000010007740       0x18 CMakeFiles/first_attempt.dir/home/e-yanthra/pico/pico-sdk/src/rp2_common/hardware_i2c/i2c.c.obj
                0x0000000010007740                i2c_read_blocking
 .text.rosidl_typesupport_c__get_message_type_support_handle__geometry_msgs__msg__Vector3
                0x0000000010007758       0x1c /home/e-yanthra/pico/riggu_pico/libmicroros/libmicroros.a(libgeometry_msgs__rosidl_typesupport_c-vector3__type_support.cpp.obj)
                0x0000000010007758                rosidl_typesupport_c__get_message_type_support_handle__geometry_msgs__msg__Vector3
 .text.startup._GLOBAL__sub_I_rosidl_typesupport_c__get_message_type_support_handle__geometry_msgs__msg__Vector3
                0x0000000010007774       0x14 /home/e-yanthra/pico/riggu_pico/libmicroros/libmicroros.a(libgeometry_msgs__rosidl_typesupport_c-vector3__type_support.cpp.obj)
 .text.geometry_msgs__msg__Vector3__rosidl_typesupport_introspection_c__Vector3_init_function
                0x0000000010007788        0x8 /home/e-yanthra/pico/riggu_pico/libmicroros/libmicroros.a(libgeometry_msgs__rosidl_typesupport_introspection_c-vector3__type_support.c.obj)
                0x0000000010007788                geometry_msgs__msg__Vector3__rosidl_typesupport_introspection_c__Vector3_init_function
 .text.geometry_msgs__msg__Vector3__rosidl_typesupport_introspection_c__Vector3_fini_function
                0x0000000010007790        0x8 /home/e-yanthra/pico/riggu_pico/libmicroros/libmicroros.a(libgeometry_msgs__rosidl_typesupport_introspection_c-vector3__type_support.c.obj)
                0x0000000010007790                geometry_msgs__msg__Vector3__rosidl_typesupport_introspection_c__Vector3_fini_function
 .text.rosidl_typesupport_introspection_c__get_message_type_support_handle__geometry_msgs__msg__Vector3
                0x0000000010007798       0x1c /home/e-yanthra/pico/riggu_pico/libmicroros/libmicroros.a(libgeometry_msgs__rosidl_typesupport_introspection_c-vector3__type_support.c.obj)
                0x0000000010007798                rosidl_typesupport_introspection_c__get_message_type_support_handle__geometry_msgs__msg__Vector3
 .text.get_serialized_size_geometry_msgs__msg__Vector3
                0x00000000100077b4       0x38 /home/e-yanthra/pico/riggu_pico/libmicroros/libmicroros.a(libgeometry_msgs__rosidl_typesupport_microxrcedds_c-vector3__type_support_c.c.obj)
                0x00000000100077b4                get_serialized_size_geometry_msgs__msg__Vector3
 .text._Vector3__cdr_deserialize
                0x00000000100077ec       0x28 /home/e-yanthra/pico/riggu_pico/libmicroros/libmicroros.a(libgeometry_msgs__rosidl_typesupport_microxrcedds_c-vector3__type_support_c.c.obj)
 .text._Vector3__cdr_serialize
                0x0000000010007814       0x30 /home/e-yanthra/pico/riggu_pico/libmicroros/libmicroros.a(libgeometry_msgs__rosidl_typesupport_microxrcedds_c-vector3__type_support_c.c.obj)
 .text._Vector3__get_serialized_size
                0x0000000010007844       0x30 /home/e-yanthra/pico/riggu_pico/libmicroros/libmicroros.a(libgeometry_msgs__rosidl_typesupport_microxrcedds_c-vector3__type_support_c.c.obj)
 .text._Vector3__max_serialized_size
                0x0000000010007874       0x28 /home/e-yanthra/pico/riggu_pico/libmicroros/libmicroros.a(libgeometry_msgs__rosidl_typesupport_microxrcedds_c-vector3__type_support_c.c.obj)
 .text.max_serialized_size_geometry_msgs__msg__Vector3
                0x000000001000789c       0x34 /home/e-yanthra/pico/riggu_pico/libmicroros/libmicroros.a(libgeometry_msgs__rosidl_typesupport_microxrcedds_c-vector3__type_support_c.c.obj)
                0x000000001000789c                max_serialized_size_geometry_msgs__msg__Vector3
 .text.rosidl_typesupport_microxrcedds_c__get_message_type_support_handle__geometry_msgs__msg__Vector3
                0x00000000100078d0        0x8 /home/e-yanthra/pico/riggu_pico/libmicroros/libmicroros.a(libgeometry_msgs__rosidl_typesupport_microxrcedds_c-vector3__type_support_c.c.obj)
                0x00000000100078d0                rosidl_typesupport_microxrcedds_c__get_message_type_support_handle__geometry_msgs__msg__Vector3
 .text.ucdr_serialize_bool
                0x00000000100078d8       0x2c /home/e-yanthra/pico/riggu_pico/libmicroros/libmicroros.a(libmicrocdr-basic.c.obj)
                0x00000000100078d8                ucdr_serialize_bool
 .text.ucdr_deserialize_bool
                0x0000000010007904       0x30 /home/e-yanthra/pico/riggu_pico/libmicroros/libmicroros.a(libmicrocdr-basic.c.obj)
                0x0000000010007904                ucdr_deserialize_bool
 .text.ucdr_serialize_uint8_t
                0x0000000010007934       0x2c /home/e-yanthra/pico/riggu_pico/libmicroros/libmicroros.a(libmicrocdr-basic.c.obj)
                0x0000000010007934                ucdr_serialize_uint8_t
 .text.ucdr_deserialize_uint8_t
                0x0000000010007960       0x30 /home/e-yanthra/pico/riggu_pico/libmicroros/libmicroros.a(libmicrocdr-basic.c.obj)
                0x0000000010007960                ucdr_deserialize_uint8_t
 .text.ucdr_serialize_uint16_t
                0x0000000010007990       0xf4 /home/e-yanthra/pico/riggu_pico/libmicroros/libmicroros.a(libmicrocdr-basic.c.obj)
                0x0000000010007990                ucdr_serialize_uint16_t
 .text.ucdr_serialize_endian_uint16_t
                0x0000000010007a84      0x100 /home/e-yanthra/pico/riggu_pico/libmicroros/libmicroros.a(libmicrocdr-basic.c.obj)
                0x0000000010007a84                ucdr_serialize_endian_uint16_t
 .text.ucdr_deserialize_uint16_t
                0x0000000010007b84       0xec /home/e-yanthra/pico/riggu_pico/libmicroros/libmicroros.a(libmicrocdr-basic.c.obj)
                0x0000000010007b84                ucdr_deserialize_uint16_t
 .text.ucdr_deserialize_endian_uint16_t
                0x0000000010007c70       0xf8 /home/e-yanthra/pico/riggu_pico/libmicroros/libmicroros.a(libmicrocdr-basic.c.obj)
                0x0000000010007c70                ucdr_deserialize_endian_uint16_t
 .text.ucdr_serialize_uint32_t
                0x0000000010007d68      0x11c /home/e-yanthra/pico/riggu_pico/libmicroros/libmicroros.a(libmicrocdr-basic.c.obj)
                0x0000000010007d68                ucdr_serialize_uint32_t
 .text.ucdr_serialize_endian_uint32_t
                0x0000000010007e84      0x11c /home/e-yanthra/pico/riggu_pico/libmicroros/libmicroros.a(libmicrocdr-basic.c.obj)
                0x0000000010007e84                ucdr_serialize_endian_uint32_t
 .text.ucdr_deserialize_uint32_t
                0x0000000010007fa0      0x11c /home/e-yanthra/pico/riggu_pico/libmicroros/libmicroros.a(libmicrocdr-basic.c.obj)
                0x0000000010007fa0                ucdr_deserialize_uint32_t
 .text.ucdr_deserialize_endian_uint32_t
                0x00000000100080bc      0x12c /home/e-yanthra/pico/riggu_pico/libmicroros/libmicroros.a(libmicrocdr-basic.c.obj)
                0x00000000100080bc                ucdr_deserialize_endian_uint32_t
 .text.ucdr_serialize_uint64_t
                0x00000000100081e8      0x170 /home/e-yanthra/pico/riggu_pico/libmicroros/libmicroros.a(libmicrocdr-basic.c.obj)
                0x00000000100081e8                ucdr_serialize_uint64_t
 .text.ucdr_serialize_int16_t
                0x0000000010008358       0xf4 /home/e-yanthra/pico/riggu_pico/libmicroros/libmicroros.a(libmicrocdr-basic.c.obj)
                0x0000000010008358                ucdr_serialize_int16_t
 .text.ucdr_deserialize_int16_t
                0x000000001000844c       0xec /home/e-yanthra/pico/riggu_pico/libmicroros/libmicroros.a(libmicrocdr-basic.c.obj)
                0x000000001000844c                ucdr_deserialize_int16_t
 .text.ucdr_serialize_int32_t
                0x0000000010008538      0x11c /home/e-yanthra/pico/riggu_pico/libmicroros/libmicroros.a(libmicrocdr-basic.c.obj)
                0x0000000010008538                ucdr_serialize_int32_t
 .text.ucdr_deserialize_int32_t
                0x0000000010008654      0x11c /home/e-yanthra/pico/riggu_pico/libmicroros/libmicroros.a(libmicrocdr-basic.c.obj)
                0x0000000010008654                ucdr_deserialize_int32_t
 .text.ucdr_serialize_float
                0x0000000010008770      0x11c /home/e-yanthra/pico/riggu_pico/libmicroros/libmicroros.a(libmicrocdr-basic.c.obj)
                0x0000000010008770                ucdr_serialize_float
 .text.ucdr_deserialize_float
                0x000000001000888c      0x11c /home/e-yanthra/pico/riggu_pico/libmicroros/libmicroros.a(libmicrocdr-basic.c.obj)
                0x000000001000888c                ucdr_deserialize_float
 .text.ucdr_serialize_double
                0x00000000100089a8      0x170 /home/e-yanthra/pico/riggu_pico/libmicroros/libmicroros.a(libmicrocdr-basic.c.obj)
                0x00000000100089a8                ucdr_serialize_double
 .text.ucdr_serialize_endian_double
                0x0000000010008b18      0x170 /home/e-yanthra/pico/riggu_pico/libmicroros/libmicroros.a(libmicrocdr-basic.c.obj)
                0x0000000010008b18                ucdr_serialize_endian_double
 .text.ucdr_deserialize_double
                0x0000000010008c88      0x180 /home/e-yanthra/pico/riggu_pico/libmicroros/libmicroros.a(libmicrocdr-basic.c.obj)
                0x0000000010008c88                ucdr_deserialize_double
 .text.ucdr_deserialize_endian_double
                0x0000000010008e08      0x18c /home/e-yanthra/pico/riggu_pico/libmicroros/libmicroros.a(libmicrocdr-basic.c.obj)
                0x0000000010008e08                ucdr_deserialize_endian_double
 .text.ucdr_check_buffer_available_for
                0x0000000010008f94       0x1c /home/e-yanthra/pico/riggu_pico/libmicroros/libmicroros.a(libmicrocdr-common.c.obj)
                0x0000000010008f94                ucdr_check_buffer_available_for
 .text.ucdr_check_final_buffer_behavior
                0x0000000010008fb0       0x38 /home/e-yanthra/pico/riggu_pico/libmicroros/libmicroros.a(libmicrocdr-common.c.obj)
                0x0000000010008fb0                ucdr_check_final_buffer_behavior
 .text.ucdr_set_on_full_buffer_callback
                0x0000000010008fe8        0x8 /home/e-yanthra/pico/riggu_pico/libmicroros/libmicroros.a(libmicrocdr-common.c.obj)
                0x0000000010008fe8                ucdr_set_on_full_buffer_callback
 .text.ucdr_init_buffer_origin_offset_endian
                0x0000000010008ff0       0x28 /home/e-yanthra/pico/riggu_pico/libmicroros/libmicroros.a(libmicrocdr-common.c.obj)
                0x0000000010008ff0                ucdr_init_buffer_origin_offset_endian
 .text.ucdr_init_buffer_origin_offset
                0x0000000010009018       0x14 /home/e-yanthra/pico/riggu_pico/libmicroros/libmicroros.a(libmicrocdr-common.c.obj)
                0x0000000010009018                ucdr_init_buffer_origin_offset
 .text.ucdr_init_buffer_origin
                0x000000001000902c       0x10 /home/e-yanthra/pico/riggu_pico/libmicroros/libmicroros.a(libmicrocdr-common.c.obj)
                0x000000001000902c                ucdr_init_buffer_origin
 .text.ucdr_init_buffer
                0x000000001000903c        0xc /home/e-yanthra/pico/riggu_pico/libmicroros/libmicroros.a(libmicrocdr-common.c.obj)
                0x000000001000903c                ucdr_init_buffer
 .text.ucdr_alignment
                0x0000000010009048       0x10 /home/e-yanthra/pico/riggu_pico/libmicroros/libmicroros.a(libmicrocdr-common.c.obj)
                0x0000000010009048                ucdr_alignment
 .text.ucdr_buffer_alignment
                0x0000000010009058       0x1c /home/e-yanthra/pico/riggu_pico/libmicroros/libmicroros.a(libmicrocdr-common.c.obj)
                0x0000000010009058                ucdr_buffer_alignment
 .text.ucdr_align_to
                0x0000000010009074       0x24 /home/e-yanthra/pico/riggu_pico/libmicroros/libmicroros.a(libmicrocdr-common.c.obj)
                0x0000000010009074                ucdr_align_to
 .text.ucdr_buffer_length
                0x0000000010009098        0x8 /home/e-yanthra/pico/riggu_pico/libmicroros/libmicroros.a(libmicrocdr-common.c.obj)
                0x0000000010009098                ucdr_buffer_length
 .text.ucdr_buffer_remaining
                0x00000000100090a0        0x8 /home/e-yanthra/pico/riggu_pico/libmicroros/libmicroros.a(libmicrocdr-common.c.obj)
                0x00000000100090a0                ucdr_buffer_remaining
 .text.ucdr_check_final_buffer_behavior_array
                0x00000000100090a8       0x44 /home/e-yanthra/pico/riggu_pico/libmicroros/libmicroros.a(libmicrocdr-common.c.obj)
                0x00000000100090a8                ucdr_check_final_buffer_behavior_array
 .text.ucdr_advance_buffer
                0x00000000100090ec       0x44 /home/e-yanthra/pico/riggu_pico/libmicroros/libmicroros.a(libmicrocdr-common.c.obj)
                0x00000000100090ec                ucdr_advance_buffer
 .text.rcl_get_zero_initialized_publisher
                0x0000000010009130        0xc /home/e-yanthra/pico/riggu_pico/libmicroros/libmicroros.a(librcl-publisher.c.obj)
                0x0000000010009130                rcl_get_zero_initialized_publisher
 .text.rcl_publisher_init
                0x000000001000913c      0x138 /home/e-yanthra/pico/riggu_pico/libmicroros/libmicroros.a(librcl-publisher.c.obj)
                0x000000001000913c                rcl_publisher_init
 .text.rcl_publisher_get_default_options
                0x0000000010009274       0x50 /home/e-yanthra/pico/riggu_pico/libmicroros/libmicroros.a(librcl-publisher.c.obj)
                0x0000000010009274                rcl_publisher_get_default_options
 .text.rcl_publish
                0x00000000100092c4       0x4c /home/e-yanthra/pico/riggu_pico/libmicroros/libmicroros.a(librcl-publisher.c.obj)
                0x00000000100092c4                rcl_publish
 .text.rcl_publisher_is_valid
                0x0000000010009310       0x30 /home/e-yanthra/pico/riggu_pico/libmicroros/libmicroros.a(librcl-publisher.c.obj)
                0x0000000010009310                rcl_publisher_is_valid
 .text.rcl_publisher_is_valid_except_context
                0x0000000010009340       0x1c /home/e-yanthra/pico/riggu_pico/libmicroros/libmicroros.a(librcl-publisher.c.obj)
                0x0000000010009340                rcl_publisher_is_valid_except_context
 .text._rclc_check_for_new_data
                0x000000001000935c       0x90 /home/e-yanthra/pico/riggu_pico/libmicroros/libmicroros.a(librclc-executor.c.obj)
 .text._rclc_take_new_data
                0x00000000100093ec      0x2c8 /home/e-yanthra/pico/riggu_pico/libmicroros/libmicroros.a(librclc-executor.c.obj)
 .text._rclc_execute.part.0
                0x00000000100096b4      0x29c /home/e-yanthra/pico/riggu_pico/libmicroros/libmicroros.a(librclc-executor.c.obj)
 .text.rclc_executor_trigger_any
                0x0000000010009950       0x7c /home/e-yanthra/pico/riggu_pico/libmicroros/libmicroros.a(librclc-executor.c.obj)
                0x0000000010009950                rclc_executor_trigger_any
 .text.rclc_executor_init
                0x00000000100099cc       0xc0 /home/e-yanthra/pico/riggu_pico/libmicroros/libmicroros.a(librclc-executor.c.obj)
                0x00000000100099cc                rclc_executor_init
 .text.rclc_executor_add_subscription
                0x0000000010009a8c       0x74 /home/e-yanthra/pico/riggu_pico/libmicroros/libmicroros.a(librclc-executor.c.obj)
                0x0000000010009a8c                rclc_executor_add_subscription
 .text.rclc_executor_prepare
                0x0000000010009b00       0x88 /home/e-yanthra/pico/riggu_pico/libmicroros/libmicroros.a(librclc-executor.c.obj)
                0x0000000010009b00                rclc_executor_prepare
 .text.rclc_executor_spin_some.part.0
                0x0000000010009b88      0x378 /home/e-yanthra/pico/riggu_pico/libmicroros/libmicroros.a(librclc-executor.c.obj)
 .text.rclc_executor_spin_some
                0x0000000010009f00       0x30 /home/e-yanthra/pico/riggu_pico/libmicroros/libmicroros.a(librclc-executor.c.obj)
                0x0000000010009f00                rclc_executor_spin_some
 .text.rclc_executor_handle_counters_zero_init
                0x0000000010009f30       0x18 /home/e-yanthra/pico/riggu_pico/libmicroros/libmicroros.a(librclc-executor_handle.c.obj)
                0x0000000010009f30                rclc_executor_handle_counters_zero_init
 .text.rclc_executor_handle_init
                0x0000000010009f48       0x28 /home/e-yanthra/pico/riggu_pico/libmicroros/libmicroros.a(librclc-executor_handle.c.obj)
                0x0000000010009f48                rclc_executor_handle_init
 .text.rclc_support_init
                0x0000000010009f70       0x94 /home/e-yanthra/pico/riggu_pico/libmicroros/libmicroros.a(librclc-init.c.obj)
                0x0000000010009f70                rclc_support_init
 .text.rclc_node_init_default
                0x000000001000a004       0x74 /home/e-yanthra/pico/riggu_pico/libmicroros/libmicroros.a(librclc-node.c.obj)
                0x000000001000a004                rclc_node_init_default
 .text.rclc_publisher_init_default
                0x000000001000a078       0x68 /home/e-yanthra/pico/riggu_pico/libmicroros/libmicroros.a(librclc-publisher.c.obj)
                0x000000001000a078                rclc_publisher_init_default
 .text.rclc_subscription_init_default
                0x000000001000a0e0       0x68 /home/e-yanthra/pico/riggu_pico/libmicroros/libmicroros.a(librclc-subscription.c.obj)
                0x000000001000a0e0                rclc_subscription_init_default
 .text.rclc_timer_init_default
                0x000000001000a148       0x60 /home/e-yanthra/pico/riggu_pico/libmicroros/libmicroros.a(librclc-timer.c.obj)
                0x000000001000a148                rclc_timer_init_default
 .text.__default_zero_allocate
                0x000000001000a1a8        0x8 /home/e-yanthra/pico/riggu_pico/libmicroros/libmicroros.a(librcutils-allocator.c.obj)
 .text.__default_reallocate
                0x000000001000a1b0        0x8 /home/e-yanthra/pico/riggu_pico/libmicroros/libmicroros.a(librcutils-allocator.c.obj)
 .text.__default_deallocate
                0x000000001000a1b8        0x8 /home/e-yanthra/pico/riggu_pico/libmicroros/libmicroros.a(librcutils-allocator.c.obj)
 .text.__default_allocate
                0x000000001000a1c0        0x8 /home/e-yanthra/pico/riggu_pico/libmicroros/libmicroros.a(librcutils-allocator.c.obj)
 .text.rcutils_get_default_allocator
                0x000000001000a1c8       0x14 /home/e-yanthra/pico/riggu_pico/libmicroros/libmicroros.a(librcutils-allocator.c.obj)
                0x000000001000a1c8                rcutils_get_default_allocator
 .text.rcutils_allocator_is_valid
                0x000000001000a1dc       0x24 /home/e-yanthra/pico/riggu_pico/libmicroros/libmicroros.a(librcutils-allocator.c.obj)
                0x000000001000a1dc                rcutils_allocator_is_valid
 .text.rcutils_get_error_string
                0x000000001000a200       0x34 /home/e-yanthra/pico/riggu_pico/libmicroros/libmicroros.a(librcutils-error_handling.c.obj)
                0x000000001000a200                rcutils_get_error_string
 .text.rcutils_reset_error
                0x000000001000a234       0x38 /home/e-yanthra/pico/riggu_pico/libmicroros/libmicroros.a(librcutils-error_handling.c.obj)
                0x000000001000a234                rcutils_reset_error
 .text.rcutils_system_time_now
                0x000000001000a26c       0x4c /home/e-yanthra/pico/riggu_pico/libmicroros/libmicroros.a(librcutils-time_unix.c.obj)
                0x000000001000a26c                rcutils_system_time_now
 .text.rcutils_steady_time_now
                0x000000001000a2b8       0x4c /home/e-yanthra/pico/riggu_pico/libmicroros/libmicroros.a(librcutils-time_unix.c.obj)
                0x000000001000a2b8                rcutils_steady_time_now
 .text.rmw_get_default_publisher_options
                0x000000001000a304        0x8 /home/e-yanthra/pico/riggu_pico/libmicroros/libmicroros.a(librmw-publisher_options.c.obj)
                0x000000001000a304                rmw_get_default_publisher_options
 .text.rmw_uros_set_custom_transport
                0x000000001000a30c       0x34 /home/e-yanthra/pico/riggu_pico/libmicroros/libmicroros.a(librmw_microxrcedds-custom_transport.c.obj)
                0x000000001000a30c                rmw_uros_set_custom_transport
 .text.rmw_uros_ping_agent
                0x000000001000a340       0xa0 /home/e-yanthra/pico/riggu_pico/libmicroros/libmicroros.a(librmw_microxrcedds-ping.c.obj)
                0x000000001000a340                rmw_uros_ping_agent
 .text.flush_session
                0x000000001000a3e0        0xc /home/e-yanthra/pico/riggu_pico/libmicroros/libmicroros.a(librmw_microxrcedds-rmw_publish.c.obj)
                0x000000001000a3e0                flush_session
 .text.rmw_publish
                0x000000001000a3ec       0xd8 /home/e-yanthra/pico/riggu_pico/libmicroros/libmicroros.a(librmw_microxrcedds-rmw_publish.c.obj)
                0x000000001000a3ec                rmw_publish
 .text.rmw_create_publisher
                0x000000001000a4c4      0x20c /home/e-yanthra/pico/riggu_pico/libmicroros/libmicroros.a(librmw_microxrcedds-rmw_publisher.c.obj)
                0x000000001000a4c4                rmw_create_publisher
 .text.rmw_publisher_get_actual_qos
                0x000000001000a6d0       0x20 /home/e-yanthra/pico/riggu_pico/libmicroros/libmicroros.a(librmw_microxrcedds-rmw_publisher.c.obj)
                0x000000001000a6d0                rmw_publisher_get_actual_qos
 .text.rmw_destroy_publisher
                0x000000001000a6f0       0xf4 /home/e-yanthra/pico/riggu_pico/libmicroros/libmicroros.a(librmw_microxrcedds-rmw_publisher.c.obj)
                0x000000001000a6f0                rmw_destroy_publisher
 .text.rmw_uxrce_transport_init
                0x000000001000a7e4       0x2c /home/e-yanthra/pico/riggu_pico/libmicroros/libmicroros.a(librmw_microxrcedds-rmw_uxrce_transports.c.obj)
                0x000000001000a7e4                rmw_uxrce_transport_init
 .text.rmw_uxrce_init_service_memory
                0x000000001000a810       0x48 /home/e-yanthra/pico/riggu_pico/libmicroros/libmicroros.a(librmw_microxrcedds-types.c.obj)
                0x000000001000a810                rmw_uxrce_init_service_memory
 .text.rmw_uxrce_init_client_memory
                0x000000001000a858       0x48 /home/e-yanthra/pico/riggu_pico/libmicroros/libmicroros.a(librmw_microxrcedds-types.c.obj)
                0x000000001000a858                rmw_uxrce_init_client_memory
 .text.rmw_uxrce_init_publisher_memory
                0x000000001000a8a0       0x48 /home/e-yanthra/pico/riggu_pico/libmicroros/libmicroros.a(librmw_microxrcedds-types.c.obj)
                0x000000001000a8a0                rmw_uxrce_init_publisher_memory
 .text.rmw_uxrce_init_subscription_memory
                0x000000001000a8e8       0x48 /home/e-yanthra/pico/riggu_pico/libmicroros/libmicroros.a(librmw_microxrcedds-types.c.obj)
                0x000000001000a8e8                rmw_uxrce_init_subscription_memory
 .text.rmw_uxrce_init_node_memory
                0x000000001000a930       0x48 /home/e-yanthra/pico/riggu_pico/libmicroros/libmicroros.a(librmw_microxrcedds-types.c.obj)
                0x000000001000a930                rmw_uxrce_init_node_memory
 .text.rmw_uxrce_init_session_memory
                0x000000001000a978       0x50 /home/e-yanthra/pico/riggu_pico/libmicroros/libmicroros.a(librmw_microxrcedds-types.c.obj)
                0x000000001000a978                rmw_uxrce_init_session_memory
 .text.rmw_uxrce_init_topic_memory
                0x000000001000a9c8       0x48 /home/e-yanthra/pico/riggu_pico/libmicroros/libmicroros.a(librmw_microxrcedds-types.c.obj)
                0x000000001000a9c8                rmw_uxrce_init_topic_memory
 .text.rmw_uxrce_init_static_input_buffer_memory
                0x000000001000aa10       0x50 /home/e-yanthra/pico/riggu_pico/libmicroros/libmicroros.a(librmw_microxrcedds-types.c.obj)
                0x000000001000aa10                rmw_uxrce_init_static_input_buffer_memory
 .text.rmw_uxrce_init_init_options_impl_memory
                0x000000001000aa60       0x48 /home/e-yanthra/pico/riggu_pico/libmicroros/libmicroros.a(librmw_microxrcedds-types.c.obj)
                0x000000001000aa60                rmw_uxrce_init_init_options_impl_memory
 .text.rmw_uxrce_init_wait_set_memory
                0x000000001000aaa8       0x48 /home/e-yanthra/pico/riggu_pico/libmicroros/libmicroros.a(librmw_microxrcedds-types.c.obj)
                0x000000001000aaa8                rmw_uxrce_init_wait_set_memory
 .text.rmw_uxrce_init_guard_condition_memory